Component: ARM Compiler 5.06 update 1 (build 61) Tool: armlink [4d35a8]

==============================================================================

Section Cross References

    main.o(i.ble_evt_dispatch) refers to main.o(i.is_uuid_present) for is_uuid_present
    main.o(i.ble_evt_dispatch) refers to bsp_btn_ble.o(i.bsp_btn_ble_on_ble_evt) for bsp_btn_ble_on_ble_evt
    main.o(i.ble_evt_dispatch) refers to ble_db_discovery.o(i.ble_db_discovery_on_ble_evt) for ble_db_discovery_on_ble_evt
    main.o(i.ble_evt_dispatch) refers to ble_nus_c.o(i.ble_nus_c_on_ble_evt) for ble_nus_c_on_ble_evt
    main.o(i.ble_evt_dispatch) refers to main.o(.constdata) for .constdata
    main.o(i.ble_evt_dispatch) refers to main.o(.bss) for .bss
    main.o(i.ble_stack_init) refers to softdevice_handler.o(i.softdevice_handler_init) for softdevice_handler_init
    main.o(i.ble_stack_init) refers to app_error.o(i.app_error_handler_bare) for app_error_handler_bare
    main.o(i.ble_stack_init) refers to softdevice_handler.o(i.softdevice_enable_get_default_config) for softdevice_enable_get_default_config
    main.o(i.ble_stack_init) refers to softdevice_handler.o(i.sd_check_ram_start) for sd_check_ram_start
    main.o(i.ble_stack_init) refers to softdevice_handler.o(i.softdevice_enable) for softdevice_enable
    main.o(i.ble_stack_init) refers to softdevice_handler.o(i.softdevice_ble_evt_handler_set) for softdevice_ble_evt_handler_set
    main.o(i.ble_stack_init) refers to softdevice_handler.o(i.softdevice_sys_evt_handler_set) for softdevice_sys_evt_handler_set
    main.o(i.ble_stack_init) refers to main.o(.bss) for .bss
    main.o(i.ble_stack_init) refers to main.o(i.ble_evt_dispatch) for ble_evt_dispatch
    main.o(i.ble_stack_init) refers to main.o(i.sys_evt_dispatch) for sys_evt_dispatch
    main.o(i.bsp_event_handler) refers to segger_rtt_printf.o(i.SEGGER_RTT_printf) for SEGGER_RTT_printf
    main.o(i.bsp_event_handler) refers to app_error.o(i.app_error_handler_bare) for app_error_handler_bare
    main.o(i.bsp_event_handler) refers to bsp.o(i.bsp_indication_set) for bsp_indication_set
    main.o(i.bsp_event_handler) refers to segger_rtt.o(i.SEGGER_RTT_WriteString) for SEGGER_RTT_WriteString
    main.o(i.bsp_event_handler) refers to main.o(i.printf_beacon_data_ram) for printf_beacon_data_ram
    main.o(i.bsp_event_handler) refers to main.o(.constdata) for .constdata
    main.o(i.find_beacon_data_ram) refers to main.o(.data) for .data
    main.o(i.find_beacon_data_ram) refers to main.o(.bss) for .bss
    main.o(i.find_end_beacon_data_ram) refers to main.o(.bss) for .bss
    main.o(i.is_uuid_present) refers to app_timer.o(i.app_timer_cnt_get) for app_timer_cnt_get
    main.o(i.is_uuid_present) refers to uidiv.o(.text) for __aeabi_uidivmod
    main.o(i.is_uuid_present) refers to main.o(i.store_beacon_data_ram) for store_beacon_data_ram
    main.o(i.is_uuid_present) refers to main.o(i.print_beacon_adv) for print_beacon_adv
    main.o(i.is_uuid_present) refers to main.o(.data) for .data
    main.o(i.main) refers to segger_rtt.o(i.SEGGER_RTT_WriteString) for SEGGER_RTT_WriteString
    main.o(i.main) refers to app_timer.o(i.app_timer_init) for app_timer_init
    main.o(i.main) refers to app_error.o(i.app_error_handler_bare) for app_error_handler_bare
    main.o(i.main) refers to bsp.o(i.bsp_init) for bsp_init
    main.o(i.main) refers to bsp_btn_ble.o(i.bsp_btn_ble_init) for bsp_btn_ble_init
    main.o(i.main) refers to app_uart_fifo.o(i.app_uart_init) for app_uart_init
    main.o(i.main) refers to main.o(i.ble_stack_init) for ble_stack_init
    main.o(i.main) refers to main.o(i.pstorage_initialization) for pstorage_initialization
    main.o(i.main) refers to main.o(i.pstorage_store_block) for pstorage_store_block
    main.o(i.main) refers to main.o(i.pstorage_load_block) for pstorage_load_block
    main.o(i.main) refers to ble_db_discovery.o(i.ble_db_discovery_init) for ble_db_discovery_init
    main.o(i.main) refers to uidiv.o(.text) for __aeabi_uidivmod
    main.o(i.main) refers to main.o(i.pstorage_update_block) for pstorage_update_block
    main.o(i.main) refers to nrf_delay.o(i.nrf_delay_ms) for nrf_delay_ms
    main.o(i.main) refers to main.o(i.power_manage) for power_manage
    main.o(i.main) refers to main.o(.bss) for .bss
    main.o(i.main) refers to main.o(i.bsp_event_handler) for bsp_event_handler
    main.o(i.main) refers to main.o(.constdata) for .constdata
    main.o(i.main) refers to main.o(i.uart_event_handle) for uart_event_handle
    main.o(i.main) refers to main.o(.data) for .data
    main.o(i.power_manage) refers to app_error.o(i.app_error_handler_bare) for app_error_handler_bare
    main.o(i.print_beacon_adv) refers to segger_rtt_printf.o(i.SEGGER_RTT_printf) for SEGGER_RTT_printf
    main.o(i.print_beacon_adv) refers to main.o(.data) for .data
    main.o(i.printf_beacon_data_ram) refers to segger_rtt_printf.o(i.SEGGER_RTT_printf) for SEGGER_RTT_printf
[...]
    i.alert_timer_handler                    0x0001c868   Section        0  bsp.o(i.alert_timer_handler)
    alert_timer_handler                      0x0001c869   Thumb Code    20  bsp.o(i.alert_timer_handler)
    i.app_button_enable                      0x0001c880   Section        0  app_button.o(i.app_button_enable)
    i.app_button_init                        0x0001c8a4   Section        0  app_button.o(i.app_button_init)
    i.app_error_fault_handler                0x0001c918   Section        0  app_error.o(i.app_error_fault_handler)
    i.app_error_handler_bare                 0x0001c934   Section        0  app_error.o(i.app_error_handler_bare)
    i.app_fifo_get                           0x0001c94c   Section        0  app_fifo.o(i.app_fifo_get)
    i.app_fifo_init                          0x0001c962   Section        0  app_fifo.o(i.app_fifo_init)
    i.app_fifo_put                           0x0001c986   Section        0  app_fifo.o(i.app_fifo_put)
    i.app_notify                             0x0001c9a0   Section        0  pstorage.o(i.app_notify)
    app_notify                               0x0001c9a1   Thumb Code    34  pstorage.o(i.app_notify)
    i.app_notify_error_state_transit         0x0001c9cc   Section        0  pstorage.o(i.app_notify_error_state_transit)
    app_notify_error_state_transit           0x0001c9cd   Thumb Code    26  pstorage.o(i.app_notify_error_state_transit)
    i.app_timer_cnt_get                      0x0001c9ec   Section        0  app_timer.o(i.app_timer_cnt_get)
    i.app_timer_create                       0x0001c9fc   Section        0  app_timer.o(i.app_timer_create)
    i.app_timer_init                         0x0001ca28   Section        0  app_timer.o(i.app_timer_init)
    i.app_timer_start                        0x0001cab8   Section        0  app_timer.o(i.app_timer_start)
    i.app_timer_stop                         0x0001cb34   Section        0  app_timer.o(i.app_timer_stop)
    i.app_uart_get                           0x0001cb88   Section        0  app_uart_fifo.o(i.app_uart_get)
    i.app_uart_init                          0x0001cbbc   Section        0  app_uart_fifo.o(i.app_uart_init)
    i.app_uart_put                           0x0001cc5c   Section        0  app_uart_fifo.o(i.app_uart_put)
    i.ble_db_discovery_init                  0x0001cc84   Section        0  ble_db_discovery.o(i.ble_db_discovery_init)
    i.ble_db_discovery_on_ble_evt            0x0001cc98   Section        0  ble_db_discovery.o(i.ble_db_discovery_on_ble_evt)
    i.ble_evt_dispatch                       0x0001cd38   Section        0  main.o(i.ble_evt_dispatch)
    ble_evt_dispatch                         0x0001cd39   Thumb Code    46  main.o(i.ble_evt_dispatch)
    i.ble_nus_c_on_ble_evt                   0x0001cd70   Section        0  ble_nus_c.o(i.ble_nus_c_on_ble_evt)
    i.ble_nus_c_string_send                  0x0001cddc   Section        0  ble_nus_c.o(i.ble_nus_c_string_send)
    i.ble_stack_init                         0x0001ce20   Section        0  main.o(i.ble_stack_init)
    ble_stack_init                           0x0001ce21   Thumb Code   102  main.o(i.ble_stack_init)
    i.bsp_btn_ble_init                       0x0001ce98   Section        0  bsp_btn_ble.o(i.bsp_btn_ble_init)
    i.bsp_btn_ble_on_ble_evt                 0x0001ceec   Section        0  bsp_btn_ble.o(i.bsp_btn_ble_on_ble_evt)
    i.bsp_button_event_handler               0x0001cf64   Section        0  bsp.o(i.bsp_button_event_handler)
    bsp_button_event_handler                 0x0001cf65   Thumb Code   148  bsp.o(i.bsp_button_event_handler)
    i.bsp_button_is_pressed                  0x0001d004   Section        0  bsp.o(i.bsp_button_is_pressed)
    i.bsp_event_handler                      0x0001d030   Section        0  main.o(i.bsp_event_handler)
    i.bsp_event_to_button_action_assign      0x0001d138   Section        0  bsp.o(i.bsp_event_to_button_action_assign)
    i.bsp_indication_set                     0x0001d180   Section        0  bsp.o(i.bsp_indication_set)
    i.bsp_init                               0x0001d19c   Section        0  bsp.o(i.bsp_init)
    i.bsp_led_indication                     0x0001d23c   Section        0  bsp.o(i.bsp_led_indication)
    bsp_led_indication                       0x0001d23d   Thumb Code   492  bsp.o(i.bsp_led_indication)
    i.button_timer_handler                   0x0001d434   Section        0  bsp.o(i.button_timer_handler)
    button_timer_handler                     0x0001d435   Thumb Code    12  bsp.o(i.button_timer_handler)
    i.channel_free                           0x0001d440   Section        0  nrf_drv_gpiote.o(i.channel_free)
    channel_free                             0x0001d441   Thumb Code    22  nrf_drv_gpiote.o(i.channel_free)
    i.channel_port_alloc                     0x0001d45c   Section        0  nrf_drv_gpiote.o(i.channel_port_alloc)
    channel_port_alloc                       0x0001d45d   Thumb Code    66  nrf_drv_gpiote.o(i.channel_port_alloc)
    i.channel_port_get                       0x0001d4a4   Section        0  nrf_drv_gpiote.o(i.channel_port_get)
    channel_port_get                         0x0001d4a5   Thumb Code    10  nrf_drv_gpiote.o(i.channel_port_get)
    i.characteristics_discover               0x0001d4b4   Section        0  ble_db_discovery.o(i.characteristics_discover)
    characteristics_discover                 0x0001d4b5   Thumb Code    60  ble_db_discovery.o(i.characteristics_discover)
    i.clear_operation_execute                0x0001d4f0   Section        0  pstorage.o(i.clear_operation_execute)
    clear_operation_execute                  0x0001d4f1   Thumb Code   252  pstorage.o(i.clear_operation_execute)
    i.clear_post_processing_run              0x0001d5f4   Section        0  pstorage.o(i.clear_post_processing_run)
    clear_post_processing_run                0x0001d5f5   Thumb Code    32  pstorage.o(i.clear_post_processing_run)
    i.cmd_process                            0x0001d618   Section        0  pstorage.o(i.cmd_process)
    cmd_process                              0x0001d619   Thumb Code    46  pstorage.o(i.cmd_process)
    i.cmd_queue_element_init                 0x0001d650   Section        0  pstorage.o(i.cmd_queue_element_init)
    cmd_queue_element_init                   0x0001d651   Thumb Code    26  pstorage.o(i.cmd_queue_element_init)
    i.cmd_queue_enqueue                      0x0001d670   Section        0  pstorage.o(i.cmd_queue_enqueue)
    cmd_queue_enqueue                        0x0001d671   Thumb Code    68  pstorage.o(i.cmd_queue_enqueue)
    i.command_end_procedure_run              0x0001d6bc   Section        0  pstorage.o(i.command_end_procedure_run)
    command_end_procedure_run                0x0001d6bd   Thumb Code    56  pstorage.o(i.command_end_procedure_run)
    i.compare_reg_update                     0x0001d6f8   Section        0  app_timer.o(i.compare_reg_update)
    compare_reg_update                       0x0001d6f9   Thumb Code   142  app_timer.o(i.compare_reg_update)
    i.data_page_erase_state_run              0x0001d7a0   Section        0  pstorage.o(i.data_page_erase_state_run)
    data_page_erase_state_run                0x0001d7a1   Thumb Code    80  pstorage.o(i.data_page_erase_state_run)
    i.data_to_swap_write_state_run           0x0001d7f4   Section        0  pstorage.o(i.data_to_swap_write_state_run)
    data_to_swap_write_state_run             0x0001d7f5   Thumb Code    34  pstorage.o(i.data_to_swap_write_state_run)
    i.descriptors_discover                   0x0001d81c   Section        0  ble_db_discovery.o(i.descriptors_discover)
    descriptors_discover                     0x0001d81d   Thumb Code   132  ble_db_discovery.o(i.descriptors_discover)
    i.detection_delay_timeout_handler        0x0001d8a0   Section        0  app_button.o(i.detection_delay_timeout_handler)
    detection_delay_timeout_handler          0x0001d8a1   Thumb Code    90  app_button.o(i.detection_delay_timeout_handler)
    i.discovery_complete_evt_trigger         0x0001d900   Section        0  ble_db_discovery.o(i.discovery_complete_evt_trigger)
    discovery_complete_evt_trigger           0x0001d901   Thumb Code   100  ble_db_discovery.o(i.discovery_complete_evt_trigger)
    i.discovery_error_evt_trigger            0x0001d96c   Section        0  ble_db_discovery.o(i.discovery_error_evt_trigger)
    discovery_error_evt_trigger              0x0001d96d   Thumb Code    72  ble_db_discovery.o(i.discovery_error_evt_trigger)
    i.elapsed_ticks_acquire                  0x0001d9bc   Section        0  app_timer.o(i.elapsed_ticks_acquire)
    elapsed_ticks_acquire                    0x0001d9bd   Thumb Code    58  app_timer.o(i.elapsed_ticks_acquire)
    i.fifo_get                               0x0001d9fc   Section        0  app_fifo.o(i.fifo_get)
    fifo_get                                 0x0001d9fd   Thumb Code    20  app_fifo.o(i.fifo_get)
    i.fifo_put                               0x0001da10   Section        0  app_fifo.o(i.fifo_put)
    fifo_put                                 0x0001da11   Thumb Code    18  app_fifo.o(i.fifo_put)
    i.find_beacon_data_ram                   0x0001da24   Section        0  main.o(i.find_beacon_data_ram)
    i.find_end_beacon_data_ram               0x0001da6c   Section        0  main.o(i.find_end_beacon_data_ram)
    i.flash_api_err_code_process             0x0001daa4   Section        0  pstorage.o(i.flash_api_err_code_process)
    flash_api_err_code_process               0x0001daa5   Thumb Code    28  pstorage.o(i.flash_api_err_code_process)
    i.flash_operation_success_run            0x0001dac4   Section        0  pstorage.o(i.flash_operation_success_run)
    flash_operation_success_run              0x0001dac5   Thumb Code   114  pstorage.o(i.flash_operation_success_run)
    i.flash_page_erase                       0x0001db44   Section        0  pstorage.o(i.flash_page_erase)
    flash_page_erase                         0x0001db45   Thumb Code    10  pstorage.o(i.flash_page_erase)
    i.flash_write                            0x0001db4e   Section        0  pstorage.o(i.flash_write)
    flash_write                              0x0001db4f   Thumb Code    10  pstorage.o(i.flash_write)
    i.fputc                                  0x0001db58   Section        0  retarget.o(i.fputc)
    i.gpiote_event_handler                   0x0001db68   Section        0  app_button.o(i.gpiote_event_handler)
    gpiote_event_handler                     0x0001db69   Thumb Code    72  app_button.o(i.gpiote_event_handler)
    i.head_restore_state_run                 0x0001dbb8   Section        0  pstorage.o(i.head_restore_state_run)
    head_restore_state_run                   0x0001dbb9   Thumb Code   110  pstorage.o(i.head_restore_state_run)
    i.intern_softdevice_events_execute       0x0001dc30   Section        0  softdevice_handler.o(i.intern_softdevice_events_execute)
    i.is_desc_discovery_reqd                 0x0001dca4   Section        0  ble_db_discovery.o(i.is_desc_discovery_reqd)
    is_desc_discovery_reqd                   0x0001dca5   Thumb Code    66  ble_db_discovery.o(i.is_desc_discovery_reqd)
    i.is_manual_peripheral_setup_needed      0x0001dce8   Section        0  system_nrf51.o(i.is_manual_peripheral_setup_needed)
    is_manual_peripheral_setup_needed        0x0001dce9   Thumb Code    66  system_nrf51.o(i.is_manual_peripheral_setup_needed)
    i.is_page_erase_required                 0x0001dd30   Section        0  pstorage.o(i.is_page_erase_required)
    is_page_erase_required                   0x0001dd31   Thumb Code    60  pstorage.o(i.is_page_erase_required)
    i.is_uuid_present                        0x0001dd74   Section        0  main.o(i.is_uuid_present)
    is_uuid_present                          0x0001dd75   Thumb Code   194  main.o(i.is_uuid_present)
    i.is_word_aligned                        0x0001de3c   Section        0  pstorage.o(i.is_word_aligned)
    is_word_aligned                          0x0001de3d   Thumb Code    12  pstorage.o(i.is_word_aligned)
    i.leds_timer_handler                     0x0001de48   Section        0  bsp.o(i.leds_timer_handler)
    leds_timer_handler                       0x0001de49   Thumb Code    18  bsp.o(i.leds_timer_handler)
    i.list_deletions_handler                 0x0001de60   Section        0  app_timer.o(i.list_deletions_handler)
    list_deletions_handler                   0x0001de61   Thumb Code   180  app_timer.o(i.list_deletions_handler)
    i.list_insertions_handler                0x0001df1c   Section        0  app_timer.o(i.list_insertions_handler)
    list_insertions_handler                  0x0001df1d   Thumb Code   202  app_timer.o(i.list_insertions_handler)
    i.main                                   0x0001dff0   Section        0  main.o(i.main)
    i.main_state_err_busy_process            0x0001e114   Section        0  pstorage.o(i.main_state_err_busy_process)
    main_state_err_busy_process              0x0001e115   Thumb Code    20  pstorage.o(i.main_state_err_busy_process)
    i.nrf_delay_ms                           0x0001e12c   Section        0  nrf_delay.o(i.nrf_delay_ms)
    i.nrf_drv_clock_on_soc_event             0x0001e148   Section        0  nrf_drv_clock.o(i.nrf_drv_clock_on_soc_event)
    i.nrf_drv_common_irq_enable              0x0001e16c   Section        0  nrf_drv_common.o(i.nrf_drv_common_irq_enable)
    i.nrf_drv_gpiote_in_event_enable         0x0001e1cc   Section        0  nrf_drv_gpiote.o(i.nrf_drv_gpiote_in_event_enable)
    i.nrf_drv_gpiote_in_init                 0x0001e26c   Section        0  nrf_drv_gpiote.o(i.nrf_drv_gpiote_in_init)
    i.nrf_drv_gpiote_in_is_set               0x0001e310   Section        0  nrf_drv_gpiote.o(i.nrf_drv_gpiote_in_is_set)
    i.nrf_drv_gpiote_init                    0x0001e324   Section        0  nrf_drv_gpiote.o(i.nrf_drv_gpiote_init)
    i.nrf_drv_gpiote_is_init                 0x0001e378   Section        0  nrf_drv_gpiote.o(i.nrf_drv_gpiote_is_init)
    i.nrf_drv_uart_init                      0x0001e388   Section        0  nrf_drv_uart.o(i.nrf_drv_uart_init)
    i.nrf_drv_uart_rx                        0x0001e450   Section        0  nrf_drv_uart.o(i.nrf_drv_uart_rx)
    i.nrf_drv_uart_rx_enable                 0x0001e49c   Section        0  nrf_drv_uart.o(i.nrf_drv_uart_rx_enable)
    i.nrf_drv_uart_rx_for_uart               0x0001e4b4   Section        0  nrf_drv_uart.o(i.nrf_drv_uart_rx_for_uart)
    nrf_drv_uart_rx_for_uart                 0x0001e4b5   Thumb Code   144  nrf_drv_uart.o(i.nrf_drv_uart_rx_for_uart)
    i.nrf_drv_uart_tx                        0x0001e550   Section        0  nrf_drv_uart.o(i.nrf_drv_uart_tx)
    i.nrf_drv_uart_tx_for_uart               0x0001e570   Section        0  nrf_drv_uart.o(i.nrf_drv_uart_tx_for_uart)
    nrf_drv_uart_tx_for_uart                 0x0001e571   Thumb Code   108  nrf_drv_uart.o(i.nrf_drv_uart_tx_for_uart)
    i.nrf_gpio_cfg                           0x0001e5e4   Section        0  nrf_drv_uart.o(i.nrf_gpio_cfg)
    nrf_gpio_cfg                             0x0001e5e5   Thumb Code    32  nrf_drv_uart.o(i.nrf_gpio_cfg)
    i.nrf_gpio_cfg                           0x0001e608   Section        0  nrf_drv_gpiote.o(i.nrf_gpio_cfg)
    nrf_gpio_cfg                             0x0001e609   Thumb Code    32  nrf_drv_gpiote.o(i.nrf_gpio_cfg)
    i.nrf_gpio_cfg_input                     0x0001e62c   Section        0  nrf_drv_uart.o(i.nrf_gpio_cfg_input)
    nrf_gpio_cfg_input                       0x0001e62d   Thumb Code    18  nrf_drv_uart.o(i.nrf_gpio_cfg_input)
    i.nrf_gpio_cfg_output                    0x0001e63e   Section        0  nrf_drv_uart.o(i.nrf_gpio_cfg_output)
    nrf_gpio_cfg_output                      0x0001e63f   Thumb Code    20  nrf_drv_uart.o(i.nrf_gpio_cfg_output)
    i.nrf_gpio_cfg_sense_set                 0x0001e654   Section        0  nrf_drv_gpiote.o(i.nrf_gpio_cfg_sense_set)
    nrf_gpio_cfg_sense_set                   0x0001e655   Thumb Code    26  nrf_drv_gpiote.o(i.nrf_gpio_cfg_sense_set)
    i.nrf_gpiote_event_is_set                0x0001e674   Section        0  nrf_drv_gpiote.o(i.nrf_gpiote_event_is_set)
    nrf_gpiote_event_is_set                  0x0001e675   Thumb Code    14  nrf_drv_gpiote.o(i.nrf_gpiote_event_is_set)
    i.nrf_uart_event_check                   0x0001e688   Section        0  nrf_drv_uart.o(i.nrf_uart_event_check)
    nrf_uart_event_check                     0x0001e689   Thumb Code    10  nrf_drv_uart.o(i.nrf_uart_event_check)
    i.nrf_uart_int_enable_check              0x0001e692   Section        0  nrf_drv_uart.o(i.nrf_uart_int_enable_check)
    nrf_uart_int_enable_check                0x0001e693   Thumb Code    16  nrf_drv_uart.o(i.nrf_uart_int_enable_check)
    i.on_characteristic_discovery_rsp        0x0001e6a2   Section        0  ble_db_discovery.o(i.on_characteristic_discovery_rsp)
    on_characteristic_discovery_rsp          0x0001e6a3   Thumb Code   188  ble_db_discovery.o(i.on_characteristic_discovery_rsp)
    i.on_descriptor_discovery_rsp            0x0001e760   Section        0  ble_db_discovery.o(i.on_descriptor_discovery_rsp)
    on_descriptor_discovery_rsp              0x0001e761   Thumb Code   150  ble_db_discovery.o(i.on_descriptor_discovery_rsp)
    i.on_srv_disc_completion                 0x0001e7fc   Section        0  ble_db_discovery.o(i.on_srv_disc_completion)
    on_srv_disc_completion                   0x0001e7fd   Thumb Code    84  ble_db_discovery.o(i.on_srv_disc_completion)
    i.pending_user_evts_send                 0x0001e858   Section        0  ble_db_discovery.o(i.pending_user_evts_send)
    pending_user_evts_send                   0x0001e859   Thumb Code    34  ble_db_discovery.o(i.pending_user_evts_send)
    i.pin_in_use_by_port                     0x0001e884   Section        0  nrf_drv_gpiote.o(i.pin_in_use_by_port)
    pin_in_use_by_port                       0x0001e885   Thumb Code    20  nrf_drv_gpiote.o(i.pin_in_use_by_port)
    i.pin_in_use_by_te                       0x0001e89c   Section        0  nrf_drv_gpiote.o(i.pin_in_use_by_te)
    pin_in_use_by_te                         0x0001e89d   Thumb Code    20  nrf_drv_gpiote.o(i.pin_in_use_by_te)
    i.power_manage                           0x0001e8b4   Section        0  main.o(i.power_manage)
    power_manage                             0x0001e8b5   Thumb Code    14  main.o(i.power_manage)
    i.print_beacon_adv                       0x0001e8c4   Section        0  main.o(i.print_beacon_adv)
    print_beacon_adv                         0x0001e8c5   Thumb Code    72  main.o(i.print_beacon_adv)
    i.printf_beacon_data_ram                 0x0001e960   Section        0  main.o(i.printf_beacon_data_ram)
    printf_beacon_data_ram                   0x0001e961   Thumb Code    90  main.o(i.printf_beacon_data_ram)
    i.pstorage_block_identifier_get          0x0001e9f0   Section        0  pstorage.o(i.pstorage_block_identifier_get)
    i.pstorage_clear                         0x0001ea44   Section        0  pstorage.o(i.pstorage_clear)
    i.pstorage_flash_page_end                0x0001eae8   Section        0  pstorage.o(i.pstorage_flash_page_end)
    pstorage_flash_page_end                  0x0001eae9   Thumb Code    32  pstorage.o(i.pstorage_flash_page_end)
    i.pstorage_flash_page_size               0x0001eb0c   Section        0  pstorage.o(i.pstorage_flash_page_size)
    pstorage_flash_page_size                 0x0001eb0d   Thumb Code    10  pstorage.o(i.pstorage_flash_page_size)
    i.pstorage_handler                       0x0001eb18   Section        0  main.o(i.pstorage_handler)
    pstorage_handler                         0x0001eb19   Thumb Code   114  main.o(i.pstorage_handler)
    i.pstorage_init                          0x0001ecd4   Section        0  pstorage.o(i.pstorage_init)
    i.pstorage_initialization                0x0001ed20   Section        0  main.o(i.pstorage_initialization)
    i.pstorage_load                          0x0001ed48   Section        0  pstorage.o(i.pstorage_load)
    i.pstorage_load_block                    0x0001edf0   Section        0  main.o(i.pstorage_load_block)
    i.pstorage_register                      0x0001eea4   Section        0  pstorage.o(i.pstorage_register)
    i.pstorage_store                         0x0001ef60   Section        0  pstorage.o(i.pstorage_store)
    i.pstorage_store_block                   0x0001eff0   Section        0  main.o(i.pstorage_store_block)
    i.pstorage_sys_event_handler             0x0001f034   Section        0  pstorage.o(i.pstorage_sys_event_handler)
    i.pstorage_update                        0x0001f084   Section        0  pstorage.o(i.pstorage_update)
    i.pstorage_update_block                  0x0001f114   Section        0  main.o(i.pstorage_update_block)
    i.registered_handler_get                 0x0001f160   Section        0  ble_db_discovery.o(i.registered_handler_get)
    registered_handler_get                   0x0001f161   Thumb Code    50  ble_db_discovery.o(i.registered_handler_get)
    i.rtc1_stop                              0x0001f19c   Section        0  app_timer.o(i.rtc1_stop)
    rtc1_stop                                0x0001f19d   Thumb Code    50  app_timer.o(i.rtc1_stop)
    i.rx_byte                                0x0001f1e0   Section        0  nrf_drv_uart.o(i.rx_byte)
    rx_byte                                  0x0001f1e1   Thumb Code    42  nrf_drv_uart.o(i.rx_byte)
    i.rx_done_event                          0x0001f218   Section        0  nrf_drv_uart.o(i.rx_done_event)
    rx_done_event                            0x0001f219   Thumb Code    22  nrf_drv_uart.o(i.rx_done_event)
    i.rx_enable                              0x0001f234   Section        0  nrf_drv_uart.o(i.rx_enable)
    rx_enable                                0x0001f235   Thumb Code    22  nrf_drv_uart.o(i.rx_enable)
    i.sd_check_ram_start                     0x0001f250   Section        0  softdevice_handler.o(i.sd_check_ram_start)
    i.sm_state_change                        0x0001f260   Section        0  pstorage.o(i.sm_state_change)
    sm_state_change                          0x0001f261   Thumb Code    62  pstorage.o(i.sm_state_change)
    i.softdevice_ble_evt_handler_set         0x0001f2a8   Section        0  softdevice_handler.o(i.softdevice_ble_evt_handler_set)
    i.softdevice_enable                      0x0001f2bc   Section        0  softdevice_handler.o(i.softdevice_enable)
    i.softdevice_enable_get_default_config   0x0001f2d0   Section        0  softdevice_handler.o(i.softdevice_enable_get_default_config)
    i.softdevice_fault_handler               0x0001f2f8   Section        0  softdevice_handler.o(i.softdevice_fault_handler)
    i.softdevice_handler_init                0x0001f300   Section        0  softdevice_handler.o(i.softdevice_handler_init)
    i.softdevice_sys_evt_handler_set         0x0001f330   Section        0  softdevice_handler.o(i.softdevice_sys_evt_handler_set)
    i.state_data_erase_swap_entry_run        0x0001f344   Section        0  pstorage.o(i.state_data_erase_swap_entry_run)
    state_data_erase_swap_entry_run          0x0001f345   Thumb Code    92  pstorage.o(i.state_data_erase_swap_entry_run)
    i.state_erase_data_page_entry_run        0x0001f3a8   Section        0  pstorage.o(i.state_erase_data_page_entry_run)
    state_erase_data_page_entry_run          0x0001f3a9   Thumb Code    12  pstorage.o(i.state_erase_data_page_entry_run)
    i.state_restore_head_entry_run           0x0001f3b8   Section        0  pstorage.o(i.state_restore_head_entry_run)
    state_restore_head_entry_run             0x0001f3b9   Thumb Code    36  pstorage.o(i.state_restore_head_entry_run)
    i.state_restore_tail_entry_run           0x0001f3e0   Section        0  pstorage.o(i.state_restore_tail_entry_run)
    state_restore_tail_entry_run             0x0001f3e1   Thumb Code    66  pstorage.o(i.state_restore_tail_entry_run)
    i.state_swap_erase_entry_run             0x0001f42c   Section        0  pstorage.o(i.state_swap_erase_entry_run)
    state_swap_erase_entry_run               0x0001f42d   Thumb Code    32  pstorage.o(i.state_swap_erase_entry_run)
    i.state_write_data_swap_entry_run        0x0001f44c   Section        0  pstorage.o(i.state_write_data_swap_entry_run)
    state_write_data_swap_entry_run          0x0001f44d   Thumb Code    42  pstorage.o(i.state_write_data_swap_entry_run)
    i.store_beacon_data_ram                  0x0001f47c   Section        0  main.o(i.store_beacon_data_ram)
    store_beacon_data_ram                    0x0001f47d   Thumb Code    98  main.o(i.store_beacon_data_ram)
    i.store_cmd_flash_write_execute          0x0001f4e8   Section        0  pstorage.o(i.store_cmd_flash_write_execute)
    store_cmd_flash_write_execute            0x0001f4e9   Thumb Code    82  pstorage.o(i.store_cmd_flash_write_execute)
    i.swap_erase_state_run                   0x0001f544   Section        0  pstorage.o(i.swap_erase_state_run)
    swap_erase_state_run                     0x0001f545   Thumb Code    24  pstorage.o(i.swap_erase_state_run)
    i.swap_sub_state_err_busy_process        0x0001f560   Section        0  pstorage.o(i.swap_sub_state_err_busy_process)
    swap_sub_state_err_busy_process          0x0001f561   Thumb Code    20  pstorage.o(i.swap_sub_state_err_busy_process)
    i.swap_sub_state_state_change            0x0001f578   Section        0  pstorage.o(i.swap_sub_state_state_change)
    swap_sub_state_state_change              0x0001f579   Thumb Code    12  pstorage.o(i.swap_sub_state_state_change)
    i.sys_evt_dispatch                       0x0001f58c   Section        0  main.o(i.sys_evt_dispatch)
    sys_evt_dispatch                         0x0001f58d   Thumb Code    16  main.o(i.sys_evt_dispatch)
    i.tail_restore_state_run                 0x0001f59c   Section        0  pstorage.o(i.tail_restore_state_run)
    tail_restore_state_run                   0x0001f59d   Thumb Code    22  pstorage.o(i.tail_restore_state_run)
    i.timer_list_handler                     0x0001f5b8   Section        0  app_timer.o(i.timer_list_handler)
    timer_list_handler                       0x0001f5b9   Thumb Code   128  app_timer.o(i.timer_list_handler)
    i.timer_list_handler_sched               0x0001f63c   Section        0  app_timer.o(i.timer_list_handler_sched)
    timer_list_handler_sched                 0x0001f63d   Thumb Code    10  app_timer.o(i.timer_list_handler_sched)
    i.timer_list_insert                      0x0001f64c   Section        0  app_timer.o(i.timer_list_insert)
    timer_list_insert                        0x0001f64d   Thumb Code    60  app_timer.o(i.timer_list_insert)
    i.timer_timeouts_check                   0x0001f68c   Section        0  app_timer.o(i.timer_timeouts_check)
    timer_timeouts_check                     0x0001f68d   Thumb Code   118  app_timer.o(i.timer_timeouts_check)
    i.tx_byte                                0x0001f70c   Section        0  nrf_drv_uart.o(i.tx_byte)
    tx_byte                                  0x0001f70d   Thumb Code    30  nrf_drv_uart.o(i.tx_byte)
    i.tx_done_event                          0x0001f738   Section        0  nrf_drv_uart.o(i.tx_done_event)
    tx_done_event                            0x0001f739   Thumb Code    26  nrf_drv_uart.o(i.tx_done_event)
    i.uart_event_handle                      0x0001f758   Section        0  main.o(i.uart_event_handle)
    i.uart_event_handler                     0x0001f7b0   Section        0  app_uart_fifo.o(i.uart_event_handler)
    uart_event_handler                       0x0001f7b1   Thumb Code   166  app_uart_fifo.o(i.uart_event_handler)
    i.uart_irq_handler                       0x0001f860   Section        0  nrf_drv_uart.o(i.uart_irq_handler)
    uart_irq_handler                         0x0001f861   Thumb Code   278  nrf_drv_uart.o(i.uart_irq_handler)
    i.user_id_get                            0x0001f988   Section        0  app_timer.o(i.user_id_get)
    user_id_get                              0x0001f989   Thumb Code    74  app_timer.o(i.user_id_get)
    i.user_op_alloc                          0x0001f9dc   Section        0  app_timer.o(i.user_op_alloc)
    user_op_alloc                            0x0001f9dd   Thumb Code    38  app_timer.o(i.user_op_alloc)
    .constdata                               0x0001fa04   Section       32  main.o(.constdata)
    m_nus_uuid                               0x0001fa04   Data           4  main.o(.constdata)
    m_scan_params                            0x0001fa08   Data          16  main.o(.constdata)
    .constdata                               0x0001fa24   Section       60  bsp.o(.constdata)
    m_leds_timer_id                          0x0001fa24   Data           4  bsp.o(.constdata)
    m_alert_timer_id                         0x0001fa28   Data           4  bsp.o(.constdata)
    m_button_timer_id                        0x0001fa2c   Data           4  bsp.o(.constdata)
    m_buttons_list                           0x0001fa30   Data          16  bsp.o(.constdata)
    app_buttons                              0x0001fa40   Data          32  bsp.o(.constdata)
    .constdata                               0x0001fa60   Section       40  ble_nus_c.o(.constdata)
    .constdata                               0x0001fa88   Section       32  app_uart_fifo.o(.constdata)
    .constdata                               0x0001faa8   Section       32  nrf_drv_uart.o(.constdata)
    m_default_config                         0x0001faa8   Data          32  nrf_drv_uart.o(.constdata)
    .constdata                               0x0001fac8   Section       40  pstorage.o(.constdata)
    swap_sub_state_sm_lut                    0x0001fac8   Data          20  pstorage.o(.constdata)
    swap_sub_state_sm_lut                    0x0001fadc   Data          20  pstorage.o(.constdata)
    .constdata                               0x0001faf0   Section        8  app_button.o(.constdata)
    m_detection_delay_timer_id               0x0001faf0   Data           4  app_button.o(.constdata)
    .constdata                               0x0001faf8   Section       16  segger_rtt_printf.o(.constdata)
    _aV2C                                    0x0001faf8   Data          16  segger_rtt_printf.o(.constdata)
    .data                                    0x20001d80   Section       62  main.o(.data)
    index                                    0x20001d81   Data           1  main.o(.data)
    .data                                    0x20001dc0   Section       24  bsp.o(.data)
    m_stable_state                           0x20001dc0   Data           1  bsp.o(.data)
    current_long_push_pin_no                 0x20001dc1   Data           1  bsp.o(.data)
    m_app_ticks_per_100ms                    0x20001dc4   Data           4  bsp.o(.data)
    m_indication_type                        0x20001dc8   Data           4  bsp.o(.data)
    m_alert_mask                             0x20001dcc   Data           4  bsp.o(.data)
    m_registered_callback                    0x20001dd0   Data           4  bsp.o(.data)
    release_event_at_push                    0x20001dd4   Data           4  bsp.o(.data)
    .data                                    0x20001dd8   Section        8  bsp_btn_ble.o(.data)
    m_error_handler                          0x20001dd8   Data           4  bsp_btn_ble.o(.data)
    m_num_connections                        0x20001ddc   Data           4  bsp_btn_ble.o(.data)
    .data                                    0x20001de0   Section       12  ble_db_discovery.o(.data)
    m_initialized                            0x20001de0   Data           1  ble_db_discovery.o(.data)
    m_pending_usr_evt_index                  0x20001de4   Data           4  ble_db_discovery.o(.data)
    m_num_of_handlers_reg                    0x20001de8   Data           4  ble_db_discovery.o(.data)
    .data                                    0x20001dec   Section        8  app_uart_fifo.o(.data)
    tx_buffer                                0x20001dec   Data           1  app_uart_fifo.o(.data)
    tx_tmp                                   0x20001ded   Data           1  app_uart_fifo.o(.data)
    rx_buffer                                0x20001dee   Data           1  app_uart_fifo.o(.data)
    m_event_handler                          0x20001df0   Data           4  app_uart_fifo.o(.data)
    .data                                    0x20001df4   Section        8  nrf_drv_rtc.o(.data)
    m_cb                                     0x20001df4   Data           3  nrf_drv_rtc.o(.data)
    m_handlers                               0x20001df8   Data           4  nrf_drv_rtc.o(.data)
    .data                                    0x20001dfc   Section       36  pstorage.o(.data)
    m_state                                  0x20001dfc   Data           1  pstorage.o(.data)
    m_swap_sub_state                         0x20001dfd   Data           1  pstorage.o(.data)
    m_next_app_instance                      0x20001dfe   Data           2  pstorage.o(.data)
    m_flags                                  0x20001e00   Data           4  pstorage.o(.data)
    m_next_page_addr                         0x20001e04   Data           4  pstorage.o(.data)
    m_head_word_size                         0x20001e08   Data           4  pstorage.o(.data)
    m_tail_word_size                         0x20001e0c   Data           4  pstorage.o(.data)
    m_current_page_id                        0x20001e10   Data           4  pstorage.o(.data)
    m_num_of_command_retries                 0x20001e14   Data           4  pstorage.o(.data)
    m_num_of_bytes_written                   0x20001e18   Data           4  pstorage.o(.data)
    m_app_data_size                          0x20001e1c   Data           4  pstorage.o(.data)
    .data                                    0x20001e20   Section       32  app_timer.o(.data)
    m_user_array_size                        0x20001e20   Data           1  app_timer.o(.data)
    m_ticks_elapsed_q_read_ind               0x20001e21   Data           1  app_timer.o(.data)
    m_ticks_elapsed_q_write_ind              0x20001e22   Data           1  app_timer.o(.data)
    m_rtc1_running                           0x20001e23   Data           1  app_timer.o(.data)
    m_rtc1_reset                             0x20001e24   Data           1  app_timer.o(.data)
    mp_users                                 0x20001e28   Data           4  app_timer.o(.data)
    mp_timer_id_head                         0x20001e2c   Data           4  app_timer.o(.data)
    m_ticks_latest                           0x20001e30   Data           4  app_timer.o(.data)
    m_evt_schedule_func                      0x20001e34   Data           4  app_timer.o(.data)
    m_ticks_elapsed                          0x20001e38   Data           8  app_timer.o(.data)
    .data                                    0x20001e40   Section        4  retarget.o(.data)
    .data                                    0x20001e44   Section       20  app_button.o(.data)
    m_button_count                           0x20001e44   Data           1  app_button.o(.data)
    mp_buttons                               0x20001e48   Data           4  app_button.o(.data)
    m_detection_delay                        0x20001e4c   Data           4  app_button.o(.data)
    m_pin_state                              0x20001e50   Data           4  app_button.o(.data)
    m_pin_transition                         0x20001e54   Data           4  app_button.o(.data)
    .data                                    0x20001e58   Section       20  softdevice_handler.o(.data)
    m_softdevice_enabled                     0x20001e58   Data           1  softdevice_handler.o(.data)
    m_ble_evt_buffer_size                    0x20001e5a   Data           2  softdevice_handler.o(.data)
    m_evt_schedule_func                      0x20001e5c   Data           4  softdevice_handler.o(.data)
    mp_ble_evt_buffer                        0x20001e60   Data           4  softdevice_handler.o(.data)
    m_ble_evt_handler                        0x20001e64   Data           4  softdevice_handler.o(.data)
    m_sys_evt_handler                        0x20001e68   Data           4  softdevice_handler.o(.data)
    .data                                    0x20001e6c   Section        4  system_nrf51.o(.data)
    __tagsym$$used                           0x20001e6c   Number         0  system_nrf51.o(.data)
    .bss                                     0x20001e70   Section     2110  main.o(.bss)
    data_array                               0x200021f4   Data          20  main.o(.bss)
    rx_buf                                   0x20002208   Data         256  main.o(.bss)
    tx_buf                                   0x20002308   Data         256  main.o(.bss)
    BLE_EVT_BUFFER                           0x20002408   Data          72  main.o(.bss)
    APP_TIMER_BUF                            0x20002450   Data         456  main.o(.bss)
    m_ble_nus_c                              0x20002618   Data          16  main.o(.bss)
    m_ble_db_discovery                       0x20002628   Data         124  main.o(.bss)
    .bss                                     0x200026b0   Section       32  bsp.o(.bss)
    m_leds_timer_id_data                     0x200026b0   Data          32  bsp.o(.bss)
    .bss                                     0x200026d0   Section       32  bsp.o(.bss)
    m_alert_timer_id_data                    0x200026d0   Data          32  bsp.o(.bss)
    .bss                                     0x200026f0   Section       12  bsp.o(.bss)
    m_events_list                            0x200026f0   Data          12  bsp.o(.bss)
    .bss                                     0x200026fc   Section       32  bsp.o(.bss)
    m_button_timer_id_data                   0x200026fc   Data          32  bsp.o(.bss)
    .bss                                     0x2000271c   Section      152  ble_db_discovery.o(.bss)
    m_registered_handlers                    0x2000271c   Data          16  ble_db_discovery.o(.bss)
    m_pending_user_evts                      0x2000272c   Data         136  ble_db_discovery.o(.bss)
    .bss                                     0x200027b4   Section       32  app_uart_fifo.o(.bss)
    m_rx_fifo                                0x200027b4   Data          16  app_uart_fifo.o(.bss)
    m_tx_fifo                                0x200027c4   Data          16  app_uart_fifo.o(.bss)
    .bss                                     0x200027d4   Section       28  nrf_drv_uart.o(.bss)
    m_cb                                     0x200027d4   Data          28  nrf_drv_uart.o(.bss)
    .bss                                     0x200027f0   Section       12  nrf_drv_clock.o(.bss)
    m_clock_cb                               0x200027f0   Data          12  nrf_drv_clock.o(.bss)
    .bss                                     0x200027fc   Section      216  pstorage.o(.bss)
    m_cmd_queue                              0x200027fc   Data         204  pstorage.o(.bss)
    m_app_table                              0x200028c8   Data          12  pstorage.o(.bss)
    .bss                                     0x200028d4   Section       72  nrf_drv_gpiote.o(.bss)
    m_cb                                     0x200028d4   Data          72  nrf_drv_gpiote.o(.bss)
    .bss                                     0x2000291c   Section       32  app_button.o(.bss)
    m_detection_delay_timer_id_data          0x2000291c   Data          32  app_button.o(.bss)
    .bss                                     0x2000293c   Section     1160  segger_rtt.o(.bss)
    _acUpBuffer                              0x2000293c   Data        1024  segger_rtt.o(.bss)
    _acDownBuffer                            0x20002d3c   Data          16  segger_rtt.o(.bss)
    STACK                                    0x20002dc8   Section     2048  arm_startup_nrf51.o(STACK)

    Global Symbols

    Symbol Name                              Value     Ov Type        Size  Object(Section)

    BuildAttributes$$THM_ISAv3M$S$PE$A:L22$X:L11$S22$IEEE1$IW$USESV6$~STKCKD$USESV7$~SHL$OSPACE$ROPI$EBA8$MICROLIB$REQ8$PRES8$EABIv2 0x00000000   Number         0  anon$$obj.o ABSOLUTE
    __ARM_use_no_argv                        0x00000000   Number         0  main.o ABSOLUTE
    __use_no_errno                           0x00000000   Number         0  useno.o ABSOLUTE
    __use_no_exception_handling              0x00000000   Number         0  useno.o ABSOLUTE
    __use_no_fp                              0x00000000   Number         0  useno.o ABSOLUTE
    __use_no_heap                            0x00000000   Number         0  useno.o ABSOLUTE
    __use_no_heap_region                     0x00000000   Number         0  useno.o ABSOLUTE
    __use_no_semihosting                     0x00000000   Number         0  useno.o ABSOLUTE
    __use_no_semihosting_swi                 0x00000000   Number         0  useno.o ABSOLUTE
    __use_no_signal_handling                 0x00000000   Number         0  useno.o ABSOLUTE
    _printf_a                                0x00000000   Number         0  stubs.o ABSOLUTE
    _printf_c                                0x00000000   Number         0  stubs.o ABSOLUTE
    _printf_charcount                        0x00000000   Number         0  stubs.o ABSOLUTE
    _printf_d                                0x00000000   Number         0  stubs.o ABSOLUTE
    _printf_e                                0x00000000   Number         0  stubs.o ABSOLUTE
    _printf_f                                0x00000000   Number         0  stubs.o ABSOLUTE
    _printf_flags                            0x00000000   Number         0  stubs.o ABSOLUTE
    _printf_fp_dec                           0x00000000   Number         0  stubs.o ABSOLUTE
    _printf_fp_hex                           0x00000000   Number         0  stubs.o ABSOLUTE
    _printf_g                                0x00000000   Number         0  stubs.o ABSOLUTE
    _printf_i                                0x00000000   Number         0  stubs.o ABSOLUTE
    _printf_int_dec                          0x00000000   Number         0  stubs.o ABSOLUTE
    _printf_l                                0x00000000   Number         0  stubs.o ABSOLUTE
    _printf_lc                               0x00000000   Number         0  stubs.o ABSOLUTE
    _printf_ll                               0x00000000   Number         0  stubs.o ABSOLUTE
    _printf_lld                              0x00000000   Number         0  stubs.o ABSOLUTE
    _printf_lli                              0x00000000   Number         0  stubs.o ABSOLUTE
    _printf_llo                              0x00000000   Number         0  stubs.o ABSOLUTE
    _printf_llu                              0x00000000   Number         0  stubs.o ABSOLUTE
    _printf_llx                              0x00000000   Number         0  stubs.o ABSOLUTE
    _printf_longlong_dec                     0x00000000   Number         0  stubs.o ABSOLUTE
    _printf_longlong_hex                     0x00000000   Number         0  stubs.o ABSOLUTE
    _printf_longlong_oct                     0x00000000   Number         0  stubs.o ABSOLUTE
    _printf_ls                               0x00000000   Number         0  stubs.o ABSOLUTE
    _printf_mbtowc                           0x00000000   Number         0  stubs.o ABSOLUTE
    _printf_n                                0x00000000   Number         0  stubs.o ABSOLUTE
    _printf_o                                0x00000000   Number         0  stubs.o ABSOLUTE
    _printf_p                                0x00000000   Number         0  stubs.o ABSOLUTE
    _printf_percent                          0x00000000   Number         0  stubs.o ABSOLUTE
    _printf_pre_padding                      0x00000000   Number         0  stubs.o ABSOLUTE
    _printf_return_value                     0x00000000   Number         0  stubs.o ABSOLUTE
    _printf_s                                0x00000000   Number         0  stubs.o ABSOLUTE
    _printf_sizespec                         0x00000000   Number         0  stubs.o ABSOLUTE
    _printf_str                              0x00000000   Number         0  stubs.o ABSOLUTE
    _printf_truncate_signed                  0x00000000   Number         0  stubs.o ABSOLUTE
    _printf_truncate_unsigned                0x00000000   Number         0  stubs.o ABSOLUTE
    _printf_u                                0x00000000   Number         0  stubs.o ABSOLUTE
    _printf_wc                               0x00000000   Number         0  stubs.o ABSOLUTE
    _printf_wctomb                           0x00000000   Number         0  stubs.o ABSOLUTE
    _printf_widthprec                        0x00000000   Number         0  stubs.o ABSOLUTE
    _printf_x                                0x00000000   Number         0  stubs.o ABSOLUTE
    __cpp_initialize__aeabi_                  - Undefined Weak Reference
    __cxa_finalize                            - Undefined Weak Reference
    __decompress                              - Undefined Weak Reference
    _clock_init                               - Undefined Weak Reference
    _microlib_exit                            - Undefined Weak Reference
    __Vectors_Size                           0x000000c0   Number         0  arm_startup_nrf51.o ABSOLUTE
    __Vectors                                0x0001b000   Data           4  arm_startup_nrf51.o(RESET)
    __Vectors_End                            0x0001b0c0   Data           0  arm_startup_nrf51.o(RESET)
    __main                                   0x0001b0c1   Thumb Code     0  entry.o(.ARM.Collect$$$$00000000)
    _main_stk                                0x0001b0c1   Thumb Code     0  entry2.o(.ARM.Collect$$$$00000001)
    _main_scatterload                        0x0001b0c5   Thumb Code     0  entry5.o(.ARM.Collect$$$$00000004)
    __main_after_scatterload                 0x0001b0c9   Thumb Code     0  entry5.o(.ARM.Collect$$$$00000004)
    _main_clock                              0x0001b0c9   Thumb Code     0  entry7b.o(.ARM.Collect$$$$00000008)
    _main_cpp_init                           0x0001b0c9   Thumb Code     0  entry8b.o(.ARM.Collect$$$$0000000A)
    _main_init                               0x0001b0c9   Thumb Code     0  entry9a.o(.ARM.Collect$$$$0000000B)
    __rt_final_cpp                           0x0001b0d1   Thumb Code     0  entry10a.o(.ARM.Collect$$$$0000000D)
    __rt_final_exit                          0x0001b0d1   Thumb Code     0  entry11a.o(.ARM.Collect$$$$0000000F)
    __asm___11_nrf_delay_c_532987f3__nrf_delay_us 0x0001b0d5   Thumb Code    30  nrf_delay.o(.emb_text)
    __asm___11_app_timer_c_cd27f9c3__nrf_delay_us 0x0001b0f5   Thumb Code    30  app_timer.o(.emb_text)
    Reset_Handler                            0x0001b115   Thumb Code    26  arm_startup_nrf51.o(.text)
    NMI_Handler                              0x0001b12f   Thumb Code     2  arm_startup_nrf51.o(.text)
    HardFault_Handler                        0x0001b131   Thumb Code     2  arm_startup_nrf51.o(.text)
    SVC_Handler                              0x0001b133   Thumb Code     2  arm_startup_nrf51.o(.text)
    PendSV_Handler                           0x0001b135   Thumb Code     2  arm_startup_nrf51.o(.text)
    SysTick_Handler                          0x0001b137   Thumb Code     2  arm_startup_nrf51.o(.text)
    ADC_IRQHandler                           0x0001b139   Thumb Code     0  arm_startup_nrf51.o(.text)
    CCM_AAR_IRQHandler                       0x0001b139   Thumb Code     0  arm_startup_nrf51.o(.text)
    ECB_IRQHandler                           0x0001b139   Thumb Code     0  arm_startup_nrf51.o(.text)
    LPCOMP_IRQHandler                        0x0001b139   Thumb Code     0  arm_startup_nrf51.o(.text)
    POWER_CLOCK_IRQHandler                   0x0001b139   Thumb Code     0  arm_startup_nrf51.o(.text)
    QDEC_IRQHandler                          0x0001b139   Thumb Code     0  arm_startup_nrf51.o(.text)
    RADIO_IRQHandler                         0x0001b139   Thumb Code     0  arm_startup_nrf51.o(.text)
    RNG_IRQHandler                           0x0001b139   Thumb Code     0  arm_startup_nrf51.o(.text)
    SPI0_TWI0_IRQHandler                     0x0001b139   Thumb Code     0  arm_startup_nrf51.o(.text)
    SPI1_TWI1_IRQHandler                     0x0001b139   Thumb Code     0  arm_startup_nrf51.o(.text)
    SWI1_IRQHandler                          0x0001b139   Thumb Code     0  arm_startup_nrf51.o(.text)
    SWI3_IRQHandler                          0x0001b139   Thumb Code     0  arm_startup_nrf51.o(.text)
    SWI4_IRQHandler                          0x0001b139   Thumb Code     0  arm_startup_nrf51.o(.text)
    SWI5_IRQHandler                          0x0001b139   Thumb Code     0  arm_startup_nrf51.o(.text)
    TEMP_IRQHandler                          0x0001b139   Thumb Code     0  arm_startup_nrf51.o(.text)
    TIMER0_IRQHandler                        0x0001b139   Thumb Code     0  arm_startup_nrf51.o(.text)
    TIMER1_IRQHandler                        0x0001b139   Thumb Code     0  arm_startup_nrf51.o(.text)
    TIMER2_IRQHandler                        0x0001b139   Thumb Code     0  arm_startup_nrf51.o(.text)
    WDT_IRQHandler                           0x0001b139   Thumb Code     0  arm_startup_nrf51.o(.text)
    __aeabi_uidiv                            0x0001b14d   Thumb Code     0  uidiv.o(.text)
    __aeabi_uidivmod                         0x0001b14d   Thumb Code    44  uidiv.o(.text)
    __aeabi_idiv                             0x0001b179   Thumb Code     0  idiv.o(.text)
    __aeabi_idivmod                          0x0001b179   Thumb Code    40  idiv.o(.text)
    __aeabi_memcpy                           0x0001b1a1   Thumb Code    36  memcpya.o(.text)
    __aeabi_memcpy4                          0x0001b1a1   Thumb Code     0  memcpya.o(.text)
    __aeabi_memcpy8                          0x0001b1a1   Thumb Code     0  memcpya.o(.text)
    __aeabi_memset                           0x0001b1c5   Thumb Code    14  memseta.o(.text)
    __aeabi_memset4                          0x0001b1c5   Thumb Code     0  memseta.o(.text)
    __aeabi_memset8                          0x0001b1c5   Thumb Code     0  memseta.o(.text)
    __aeabi_memclr                           0x0001b1d3   Thumb Code     4  memseta.o(.text)
    __aeabi_memclr4                          0x0001b1d3   Thumb Code     0  memseta.o(.text)
    __aeabi_memclr8                          0x0001b1d3   Thumb Code     0  memseta.o(.text)
    _memset$wrapper                          0x0001b1d7   Thumb Code    18  memseta.o(.text)
    strlen                                   0x0001b1e9   Thumb Code    14  strlen.o(.text)
    strcpy                                   0x0001b1f7   Thumb Code    18  strcpy.o(.text)
    __aeabi_uldivmod                         0x0001b209   Thumb Code    96  uldiv.o(.text)
    __I$use$fp                               0x0001b269   Thumb Code     0  iusefp.o(.text)
    __aeabi_dadd                             0x0001b269   Thumb Code   328  dadd.o(.text)
    __aeabi_dsub                             0x0001b3b1   Thumb Code    12  dadd.o(.text)
    __aeabi_drsub                            0x0001b3bd   Thumb Code    12  dadd.o(.text)
    __aeabi_dmul                             0x0001b3cd   Thumb Code   202  dmul.o(.text)
    __aeabi_ddiv                             0x0001b49d   Thumb Code   234  ddiv.o(.text)
    __aeabi_d2ulz                            0x0001b58d   Thumb Code    54  dfixul.o(.text)
    __aeabi_cdrcmple                         0x0001b5cd   Thumb Code    38  cdrcmple.o(.text)
    __scatterload                            0x0001b5f5   Thumb Code    28  init.o(.text)
    __scatterload_rt2                        0x0001b5f5   Thumb Code     0  init.o(.text)
    __aeabi_llsl                             0x0001b619   Thumb Code    32  llshl.o(.text)
    _ll_shift_l                              0x0001b619   Thumb Code     0  llshl.o(.text)
    __aeabi_llsr                             0x0001b639   Thumb Code    34  llushr.o(.text)
    _ll_ushift_r                             0x0001b639   Thumb Code     0  llushr.o(.text)
    __aeabi_lasr                             0x0001b65b   Thumb Code    38  llsshr.o(.text)
    _ll_sshift_r                             0x0001b65b   Thumb Code     0  llsshr.o(.text)
    _double_round                            0x0001b681   Thumb Code    26  depilogue.o(.text)
    _double_epilogue                         0x0001b69b   Thumb Code   164  depilogue.o(.text)
    GPIOTE_IRQHandler                        0x0001b741   Thumb Code   234  nrf_drv_gpiote.o(i.GPIOTE_IRQHandler)
    RTC0_IRQHandler                          0x0001b88d   Thumb Code   152  nrf_drv_rtc.o(i.RTC0_IRQHandler)
    RTC1_IRQHandler                          0x0001b92d   Thumb Code    28  app_timer.o(i.RTC1_IRQHandler)
    SEGGER_RTT_Write                         0x0001b94d   Thumb Code    32  segger_rtt.o(i.SEGGER_RTT_Write)
    SEGGER_RTT_WriteNoLock                   0x0001b971   Thumb Code    86  segger_rtt.o(i.SEGGER_RTT_WriteNoLock)
    SEGGER_RTT_WriteString                   0x0001b9cd   Thumb Code    24  segger_rtt.o(i.SEGGER_RTT_WriteString)
    SEGGER_RTT_printf                        0x0001b9e5   Thumb Code    24  segger_rtt_printf.o(i.SEGGER_RTT_printf)
    SEGGER_RTT_vprintf                       0x0001b9fd   Thumb Code   404  segger_rtt_printf.o(i.SEGGER_RTT_vprintf)
    SWI0_IRQHandler                          0x0001bb91   Thumb Code     8  app_timer.o(i.SWI0_IRQHandler)
    SWI2_IRQHandler                          0x0001bb99   Thumb Code    28  softdevice_handler.o(i.SWI2_IRQHandler)
    SystemInit                               0x0001bbb9   Thumb Code    64  system_nrf51.o(i.SystemInit)
    UART0_IRQHandler                         0x0001bc0d   Thumb Code     8  nrf_drv_uart.o(i.UART0_IRQHandler)
    __0printf                                0x0001bf15   Thumb Code    24  printfa.o(i.__0printf)
    __1printf                                0x0001bf15   Thumb Code     0  printfa.o(i.__0printf)
    __2printf                                0x0001bf15   Thumb Code     0  printfa.o(i.__0printf)
    __c89printf                              0x0001bf15   Thumb Code     0  printfa.o(i.__0printf)
    printf                                   0x0001bf15   Thumb Code     0  printfa.o(i.__0printf)
    __ARM_clz                                0x0001bf35   Thumb Code    46  depilogue.o(i.__ARM_clz)
    __ARM_common_switch8                     0x0001bf63   Thumb Code    26  bsp.o(i.__ARM_common_switch8)
    __scatterload_copy                       0x0001bf7d   Thumb Code    14  handlers.o(i.__scatterload_copy)
    __scatterload_null                       0x0001bf8b   Thumb Code     2  handlers.o(i.__scatterload_null)
    __scatterload_zeroinit                   0x0001bf8d   Thumb Code    14  handlers.o(i.__scatterload_zeroinit)
    app_button_enable                        0x0001c881   Thumb Code    32  app_button.o(i.app_button_enable)
    app_button_init                          0x0001c8a5   Thumb Code   100  app_button.o(i.app_button_init)
    app_error_fault_handler                  0x0001c919   Thumb Code    18  app_error.o(i.app_error_fault_handler)
    app_error_handler_bare                   0x0001c935   Thumb Code    18  app_error.o(i.app_error_handler_bare)
    app_fifo_get                             0x0001c94d   Thumb Code    22  app_fifo.o(i.app_fifo_get)
    app_fifo_init                            0x0001c963   Thumb Code    36  app_fifo.o(i.app_fifo_init)
    app_fifo_put                             0x0001c987   Thumb Code    26  app_fifo.o(i.app_fifo_put)
    app_timer_cnt_get                        0x0001c9ed   Thumb Code    10  app_timer.o(i.app_timer_cnt_get)
    app_timer_create                         0x0001c9fd   Thumb Code    40  app_timer.o(i.app_timer_create)
    app_timer_init                           0x0001ca29   Thumb Code   126  app_timer.o(i.app_timer_init)
    app_timer_start                          0x0001cab9   Thumb Code   114  app_timer.o(i.app_timer_start)
    app_timer_stop                           0x0001cb35   Thumb Code    78  app_timer.o(i.app_timer_stop)
    app_uart_get                             0x0001cb89   Thumb Code    44  app_uart_fifo.o(i.app_uart_get)
    app_uart_init                            0x0001cbbd   Thumb Code   144  app_uart_fifo.o(i.app_uart_init)
    app_uart_put                             0x0001cc5d   Thumb Code    30  app_uart_fifo.o(i.app_uart_put)
    ble_db_discovery_init                    0x0001cc85   Thumb Code    16  ble_db_discovery.o(i.ble_db_discovery_init)
    ble_db_discovery_on_ble_evt              0x0001cc99   Thumb Code   156  ble_db_discovery.o(i.ble_db_discovery_on_ble_evt)
    ble_nus_c_on_ble_evt                     0x0001cd71   Thumb Code   102  ble_nus_c.o(i.ble_nus_c_on_ble_evt)
    ble_nus_c_string_send                    0x0001cddd   Thumb Code    58  ble_nus_c.o(i.ble_nus_c_string_send)
    bsp_btn_ble_init                         0x0001ce99   Thumb Code    80  bsp_btn_ble.o(i.bsp_btn_ble_init)
    bsp_btn_ble_on_ble_evt                   0x0001ceed   Thumb Code   114  bsp_btn_ble.o(i.bsp_btn_ble_on_ble_evt)
    bsp_button_is_pressed                    0x0001d005   Thumb Code    34  bsp.o(i.bsp_button_is_pressed)
    bsp_event_handler                        0x0001d031   Thumb Code   110  main.o(i.bsp_event_handler)
    bsp_event_to_button_action_assign        0x0001d139   Thumb Code    66  bsp.o(i.bsp_event_to_button_action_assign)
    bsp_indication_set                       0x0001d181   Thumb Code    22  bsp.o(i.bsp_indication_set)
    bsp_init                                 0x0001d19d   Thumb Code   134  bsp.o(i.bsp_init)
    find_beacon_data_ram                     0x0001da25   Thumb Code    64  main.o(i.find_beacon_data_ram)
    find_end_beacon_data_ram                 0x0001da6d   Thumb Code    52  main.o(i.find_end_beacon_data_ram)
    fputc                                    0x0001db59   Thumb Code    14  retarget.o(i.fputc)
    intern_softdevice_events_execute         0x0001dc31   Thumb Code   110  softdevice_handler.o(i.intern_softdevice_events_execute)
    main                                     0x0001dff1   Thumb Code   236  main.o(i.main)
    nrf_delay_ms                             0x0001e12d   Thumb Code    24  nrf_delay.o(i.nrf_delay_ms)
    nrf_drv_clock_on_soc_event               0x0001e149   Thumb Code    30  nrf_drv_clock.o(i.nrf_drv_clock_on_soc_event)
    nrf_drv_common_irq_enable                0x0001e16d   Thumb Code    78  nrf_drv_common.o(i.nrf_drv_common_irq_enable)
    nrf_drv_gpiote_in_event_enable           0x0001e1cd   Thumb Code   138  nrf_drv_gpiote.o(i.nrf_drv_gpiote_in_event_enable)
    nrf_drv_gpiote_in_init                   0x0001e26d   Thumb Code   146  nrf_drv_gpiote.o(i.nrf_drv_gpiote_in_init)
    nrf_drv_gpiote_in_is_set                 0x0001e311   Thumb Code    16  nrf_drv_gpiote.o(i.nrf_drv_gpiote_in_is_set)
    nrf_drv_gpiote_init                      0x0001e325   Thumb Code    76  nrf_drv_gpiote.o(i.nrf_drv_gpiote_init)
    nrf_drv_gpiote_is_init                   0x0001e379   Thumb Code    12  nrf_drv_gpiote.o(i.nrf_drv_gpiote_is_init)
    nrf_drv_uart_init                        0x0001e389   Thumb Code   170  nrf_drv_uart.o(i.nrf_drv_uart_init)
    nrf_drv_uart_rx                          0x0001e451   Thumb Code    66  nrf_drv_uart.o(i.nrf_drv_uart_rx)
    nrf_drv_uart_rx_enable                   0x0001e49d   Thumb Code    20  nrf_drv_uart.o(i.nrf_drv_uart_rx_enable)
    nrf_drv_uart_tx                          0x0001e551   Thumb Code    28  nrf_drv_uart.o(i.nrf_drv_uart_tx)
    pstorage_block_identifier_get            0x0001e9f1   Thumb Code    74  pstorage.o(i.pstorage_block_identifier_get)
    pstorage_clear                           0x0001ea45   Thumb Code   156  pstorage.o(i.pstorage_clear)
    pstorage_init                            0x0001ecd5   Thumb Code    68  pstorage.o(i.pstorage_init)
    pstorage_initialization                  0x0001ed21   Thumb Code    30  main.o(i.pstorage_initialization)
    pstorage_load                            0x0001ed49   Thumb Code   158  pstorage.o(i.pstorage_load)
    pstorage_load_block                      0x0001edf1   Thumb Code   102  main.o(i.pstorage_load_block)
    pstorage_register                        0x0001eea5   Thumb Code   180  pstorage.o(i.pstorage_register)
    pstorage_store                           0x0001ef61   Thumb Code   134  pstorage.o(i.pstorage_store)
    pstorage_store_block                     0x0001eff1   Thumb Code    64  main.o(i.pstorage_store_block)
    pstorage_sys_event_handler               0x0001f035   Thumb Code    76  pstorage.o(i.pstorage_sys_event_handler)
    pstorage_update                          0x0001f085   Thumb Code   134  pstorage.o(i.pstorage_update)
    pstorage_update_block                    0x0001f115   Thumb Code    70  main.o(i.pstorage_update_block)
    sd_check_ram_start                       0x0001f251   Thumb Code    10  softdevice_handler.o(i.sd_check_ram_start)
    softdevice_ble_evt_handler_set           0x0001f2a9   Thumb Code    16  softdevice_handler.o(i.softdevice_ble_evt_handler_set)
    softdevice_enable                        0x0001f2bd   Thumb Code    14  softdevice_handler.o(i.softdevice_enable)
    softdevice_enable_get_default_config     0x0001f2d1   Thumb Code    40  softdevice_handler.o(i.softdevice_enable_get_default_config)
    softdevice_fault_handler                 0x0001f2f9   Thumb Code     8  softdevice_handler.o(i.softdevice_fault_handler)
    softdevice_handler_init                  0x0001f301   Thumb Code    40  softdevice_handler.o(i.softdevice_handler_init)
    softdevice_sys_evt_handler_set           0x0001f331   Thumb Code    16  softdevice_handler.o(i.softdevice_sys_evt_handler_set)
    uart_event_handle                        0x0001f759   Thumb Code    76  main.o(i.uart_event_handle)
    Region$$Table$$Base                      0x0001fb08   Number         0  anon$$obj.o(Region$$Table)
    Region$$Table$$Limit                     0x0001fb28   Number         0  anon$$obj.o(Region$$Table)
    Image$$RW_IRAM1$$Base                    0x20001d80   Number         0  anon$$obj.o ABSOLUTE
    pstorage_wait_flag                       0x20001d80   Data           1  main.o(.data)
    pstorage_wait_handle                     0x20001d84   Data           4  main.o(.data)
    current_app_tick                         0x20001d88   Data           4  main.o(.data)
    payload_tick                             0x20001d8c   Data           4  main.o(.data)
    upload_tick                              0x20001d90   Data           4  main.o(.data)
    adv_read                                 0x20001d94   Data           7  main.o(.data)
    handle                                   0x20001d9c   Data           8  main.o(.data)
    block_0_handle                           0x20001da4   Data           8  main.o(.data)
    param                                    0x20001dac   Data           8  main.o(.data)
    device_info                              0x20001db4   Data          10  main.o(.data)
    __stdout                                 0x20001e40   Data           4  retarget.o(.data)
    SystemCoreClock                          0x20001e6c   Data           4  system_nrf51.o(.data)
    adv_storage                              0x20001e70   Data         900  main.o(.bss)
    dest_data_0                              0x200026a4   Data          10  main.o(.bss)
    _SEGGER_RTT                              0x20002d4c   Data         120  segger_rtt.o(.bss)
    __initial_sp                             0x200035c8   Data           0  arm_startup_nrf51.o(STACK)



==============================================================================

Memory Map of the image

  Image Entry point : 0x0001b0c1

  Load Region LR_IROM1 (Base: 0x0001b000, Size: 0x00004c18, Max: 0x00025000, ABSOLUTE)

    Execution Region ER_IROM1 (Base: 0x0001b000, Size: 0x00004b28, Max: 0x00025000, ABSOLUTE)

    Base Addr    Size         Type   Attr      Idx    E Section Name        Object

    0x0001b000   0x000000c0   Data   RO         3059    RESET               arm_startup_nrf51.o
    0x0001b0c0   0x00000000   Code   RO         3101  * .ARM.Collect$$$$00000000  mc_p.l(entry.o)
    0x0001b0c0   0x00000004   Code   RO         3385    .ARM.Collect$$$$00000001  mc_p.l(entry2.o)
    0x0001b0c4   0x00000004   Code   RO         3388    .ARM.Collect$$$$00000004  mc_p.l(entry5.o)
    0x0001b0c8   0x00000000   Code   RO         3390    .ARM.Collect$$$$00000008  mc_p.l(entry7b.o)
    0x0001b0c8   0x00000000   Code   RO         3392    .ARM.Collect$$$$0000000A  mc_p.l(entry8b.o)
    0x0001b0c8   0x00000008   Code   RO         3393    .ARM.Collect$$$$0000000B  mc_p.l(entry9a.o)
    0x0001b0d0   0x00000000   Code   RO         3395    .ARM.Collect$$$$0000000D  mc_p.l(entry10a.o)
    0x0001b0d0   0x00000000   Code   RO         3397    .ARM.Collect$$$$0000000F  mc_p.l(entry11a.o)
    0x0001b0d0   0x00000004   Code   RO         3386    .ARM.Collect$$$$00002712  mc_p.l(entry2.o)
    0x0001b0d4   0x0000001e   Code   RO         1369    .emb_text           nrf_delay.o
    0x0001b0f2   0x00000002   PAD
    0x0001b0f4   0x0000001e   Code   RO         2331    .emb_text           app_timer.o
    0x0001b112   0x00000002   PAD
    0x0001b114   0x00000038   Code   RO         3060    .text               arm_startup_nrf51.o
    0x0001b14c   0x0000002c   Code   RO         3106    .text               mc_p.l(uidiv.o)
    0x0001b178   0x00000028   Code   RO         3108    .text               mc_p.l(idiv.o)
    0x0001b1a0   0x00000024   Code   RO         3110    .text               mc_p.l(memcpya.o)
    0x0001b1c4   0x00000024   Code   RO         3112    .text               mc_p.l(memseta.o)
    0x0001b1e8   0x0000000e   Code   RO         3114    .text               mc_p.l(strlen.o)
    0x0001b1f6   0x00000012   Code   RO         3120    .text               mc_p.l(strcpy.o)
    0x0001b208   0x00000060   Code   RO         3399    .text               mc_p.l(uldiv.o)
    0x0001b268   0x00000000   Code   RO         3401    .text               mc_p.l(iusefp.o)
    0x0001b268   0x00000164   Code   RO         3402    .text               mf_p.l(dadd.o)
    0x0001b3cc   0x000000d0   Code   RO         3404    .text               mf_p.l(dmul.o)
    0x0001b49c   0x000000f0   Code   RO         3406    .text               mf_p.l(ddiv.o)
    0x0001b58c   0x00000040   Code   RO         3408    .text               mf_p.l(dfixul.o)
    0x0001b5cc   0x00000028   Code   RO         3410    .text               mf_p.l(cdrcmple.o)
    0x0001b5f4   0x00000024   Code   RO         3412    .text               mc_p.l(init.o)
    0x0001b618   0x00000020   Code   RO         3414    .text               mc_p.l(llshl.o)
    0x0001b638   0x00000022   Code   RO         3416    .text               mc_p.l(llushr.o)
    0x0001b65a   0x00000026   Code   RO         3418    .text               mc_p.l(llsshr.o)
    0x0001b680   0x000000be   Code   RO         3420    .text               mf_p.l(depilogue.o)
    0x0001b73e   0x00000002   PAD
    0x0001b740   0x00000108   Code   RO         2036    i.GPIOTE_IRQHandler  nrf_drv_gpiote.o
    0x0001b848   0x00000044   Code   RO         2332    i.NVIC_SetPriority  app_timer.o
    0x0001b88c   0x000000a0   Code   RO         1699    i.RTC0_IRQHandler   nrf_drv_rtc.o
    0x0001b92c   0x00000020   Code   RO         2333    i.RTC1_IRQHandler   app_timer.o
    0x0001b94c   0x00000024   Code   RO         2802    i.SEGGER_RTT_Write  segger_rtt.o
    0x0001b970   0x0000005c   Code   RO         2803    i.SEGGER_RTT_WriteNoLock  segger_rtt.o
    0x0001b9cc   0x00000018   Code   RO         2805    i.SEGGER_RTT_WriteString  segger_rtt.o
    0x0001b9e4   0x00000018   Code   RO         2927    i.SEGGER_RTT_printf  segger_rtt_printf.o
    0x0001b9fc   0x00000194   Code   RO         2928    i.SEGGER_RTT_vprintf  segger_rtt_printf.o
    0x0001bb90   0x00000008   Code   RO         2334    i.SWI0_IRQHandler   app_timer.o
    0x0001bb98   0x00000020   Code   RO         2963    i.SWI2_IRQHandler   softdevice_handler.o
    0x0001bbb8   0x00000054   Code   RO         3067    i.SystemInit        system_nrf51.o
    0x0001bc0c   0x00000008   Code   RO         1429    i.UART0_IRQHandler  nrf_drv_uart.o
    0x0001bc14   0x0000006c   Code   RO         2806    i._DoInit           segger_rtt.o
    0x0001bc80   0x00000016   Code   RO         2807    i._GetAvailWriteSpace  segger_rtt.o
    0x0001bc96   0x000000c8   Code   RO         2929    i._PrintInt         segger_rtt_printf.o
    0x0001bd5e   0x00000002   PAD
    0x0001bd60   0x000000d8   Code   RO         2930    i._PrintUnsigned    segger_rtt_printf.o
    0x0001be38   0x0000003e   Code   RO         2931    i._StoreChar        segger_rtt_printf.o
    0x0001be76   0x00000060   Code   RO         2809    i._WriteBlocking    segger_rtt.o
    0x0001bed6   0x0000003c   Code   RO         2810    i._WriteNoCheck     segger_rtt.o
    0x0001bf12   0x00000002   PAD
    0x0001bf14   0x00000020   Code   RO         3357    i.__0printf         mc_p.l(printfa.o)
    0x0001bf34   0x0000002e   Code   RO         3422    i.__ARM_clz         mf_p.l(depilogue.o)
    0x0001bf62   0x0000001a   Code   RO          507    i.__ARM_common_switch8  bsp.o
    0x0001bf7c   0x0000000e   Code   RO         3426    i.__scatterload_copy  mc_p.l(handlers.o)
    0x0001bf8a   0x00000002   Code   RO         3427    i.__scatterload_null  mc_p.l(handlers.o)
    0x0001bf8c   0x0000000e   Code   RO         3428    i.__scatterload_zeroinit  mc_p.l(handlers.o)
    0x0001bf9a   0x00000002   PAD
    0x0001bf9c   0x00000158   Code   RO         3364    i._fp_digits        mc_p.l(printfa.o)
    0x0001c0f4   0x000006ec   Code   RO         3365    i._printf_core      mc_p.l(printfa.o)
    0x0001c7e0   0x00000020   Code   RO         3366    i._printf_post_padding  mc_p.l(printfa.o)
    0x0001c800   0x0000002c   Code   RO         3367    i._printf_pre_padding  mc_p.l(printfa.o)
    0x0001c82c   0x0000003c   Code   RO          549    i.advertising_buttons_configure  bsp_btn_ble.o
    0x0001c868   0x00000018   Code   RO          413    i.alert_timer_handler  bsp.o
    0x0001c880   0x00000024   Code   RO         2646    i.app_button_enable  app_button.o
    0x0001c8a4   0x00000074   Code   RO         2647    i.app_button_init   app_button.o
    0x0001c918   0x0000001c   Code   RO         2226    i.app_error_fault_handler  app_error.o
    0x0001c934   0x00000018   Code   RO         2228    i.app_error_handler_bare  app_error.o
    0x0001c94c   0x00000016   Code   RO         2272    i.app_fifo_get      app_fifo.o
    0x0001c962   0x00000024   Code   RO         2273    i.app_fifo_init     app_fifo.o
    0x0001c986   0x0000001a   Code   RO         2274    i.app_fifo_put      app_fifo.o
    0x0001c9a0   0x0000002c   Code   RO         1794    i.app_notify        pstorage.o
    0x0001c9cc   0x00000020   Code   RO         1795    i.app_notify_error_state_transit  pstorage.o
    0x0001c9ec   0x00000010   Code   RO         2336    i.app_timer_cnt_get  app_timer.o
    0x0001c9fc   0x0000002c   Code   RO         2337    i.app_timer_create  app_timer.o
    0x0001ca28   0x00000090   Code   RO         2338    i.app_timer_init    app_timer.o
    0x0001cab8   0x0000007c   Code   RO         2339    i.app_timer_start   app_timer.o
    0x0001cb34   0x00000054   Code   RO         2340    i.app_timer_stop    app_timer.o
    0x0001cb88   0x00000034   Code   RO         1309    i.app_uart_get      app_uart_fifo.o
    0x0001cbbc   0x000000a0   Code   RO         1310    i.app_uart_init     app_uart_fifo.o
    0x0001cc5c   0x00000028   Code   RO         1311    i.app_uart_put      app_uart_fifo.o
    0x0001cc84   0x00000014   Code   RO          748    i.ble_db_discovery_init  ble_db_discovery.o
    0x0001cc98   0x000000a0   Code   RO          749    i.ble_db_discovery_on_ble_evt  ble_db_discovery.o
    0x0001cd38   0x00000038   Code   RO            3    i.ble_evt_dispatch  main.o
    0x0001cd70   0x0000006c   Code   RO          856    i.ble_nus_c_on_ble_evt  ble_nus_c.o
    0x0001cddc   0x00000044   Code   RO          858    i.ble_nus_c_string_send  ble_nus_c.o
    0x0001ce20   0x00000078   Code   RO            4    i.ble_stack_init    main.o
    0x0001ce98   0x00000054   Code   RO          550    i.bsp_btn_ble_init  bsp_btn_ble.o
    0x0001ceec   0x00000078   Code   RO          551    i.bsp_btn_ble_on_ble_evt  bsp_btn_ble.o
    0x0001cf64   0x000000a0   Code   RO          414    i.bsp_button_event_handler  bsp.o
    0x0001d004   0x0000002c   Code   RO          415    i.bsp_button_is_pressed  bsp.o
    0x0001d030   0x00000108   Code   RO            5    i.bsp_event_handler  main.o
    0x0001d138   0x00000048   Code   RO          419    i.bsp_event_to_button_action_assign  bsp.o
    0x0001d180   0x0000001c   Code   RO          420    i.bsp_indication_set  bsp.o
    0x0001d19c   0x000000a0   Code   RO          422    i.bsp_init          bsp.o
    0x0001d23c   0x000001f8   Code   RO          423    i.bsp_led_indication  bsp.o
    0x0001d434   0x0000000c   Code   RO          425    i.button_timer_handler  bsp.o
    0x0001d440   0x0000001c   Code   RO         2037    i.channel_free      nrf_drv_gpiote.o
    0x0001d45c   0x00000048   Code   RO         2038    i.channel_port_alloc  nrf_drv_gpiote.o
    0x0001d4a4   0x00000010   Code   RO         2039    i.channel_port_get  nrf_drv_gpiote.o
    0x0001d4b4   0x0000003c   Code   RO          751    i.characteristics_discover  ble_db_discovery.o
    0x0001d4f0   0x00000104   Code   RO         1796    i.clear_operation_execute  pstorage.o
    0x0001d5f4   0x00000024   Code   RO         1797    i.clear_post_processing_run  pstorage.o
    0x0001d618   0x00000038   Code   RO         1798    i.cmd_process       pstorage.o
    0x0001d650   0x00000020   Code   RO         1799    i.cmd_queue_element_init  pstorage.o
    0x0001d670   0x0000004c   Code   RO         1800    i.cmd_queue_enqueue  pstorage.o
    0x0001d6bc   0x0000003c   Code   RO         1801    i.command_end_procedure_run  pstorage.o
    0x0001d6f8   0x000000a8   Code   RO         2342    i.compare_reg_update  app_timer.o
    0x0001d7a0   0x00000054   Code   RO         1802    i.data_page_erase_state_run  pstorage.o
    0x0001d7f4   0x00000028   Code   RO         1803    i.data_to_swap_write_state_run  pstorage.o
    0x0001d81c   0x00000084   Code   RO          752    i.descriptors_discover  ble_db_discovery.o
    0x0001d8a0   0x00000060   Code   RO         2649    i.detection_delay_timeout_handler  app_button.o
    0x0001d900   0x0000006c   Code   RO          753    i.discovery_complete_evt_trigger  ble_db_discovery.o
    0x0001d96c   0x00000050   Code   RO          754    i.discovery_error_evt_trigger  ble_db_discovery.o
    0x0001d9bc   0x00000040   Code   RO         2343    i.elapsed_ticks_acquire  app_timer.o
    0x0001d9fc   0x00000014   Code   RO         2277    i.fifo_get          app_fifo.o
    0x0001da10   0x00000012   Code   RO         2278    i.fifo_put          app_fifo.o
    0x0001da22   0x00000002   PAD
    0x0001da24   0x00000048   Code   RO            6    i.find_beacon_data_ram  main.o
    0x0001da6c   0x00000038   Code   RO            7    i.find_end_beacon_data_ram  main.o
    0x0001daa4   0x00000020   Code   RO         1804    i.flash_api_err_code_process  pstorage.o
    0x0001dac4   0x00000080   Code   RO         1805    i.flash_operation_success_run  pstorage.o
    0x0001db44   0x0000000a   Code   RO         1806    i.flash_page_erase  pstorage.o
    0x0001db4e   0x0000000a   Code   RO         1807    i.flash_write       pstorage.o
    0x0001db58   0x0000000e   Code   RO         2584    i.fputc             retarget.o
    0x0001db66   0x00000002   PAD
    0x0001db68   0x00000050   Code   RO         2650    i.gpiote_event_handler  app_button.o
    0x0001dbb8   0x00000078   Code   RO         1808    i.head_restore_state_run  pstorage.o
    0x0001dc30   0x00000074   Code   RO         2964    i.intern_softdevice_events_execute  softdevice_handler.o
    0x0001dca4   0x00000042   Code   RO          755    i.is_desc_discovery_reqd  ble_db_discovery.o
    0x0001dce6   0x00000002   PAD
    0x0001dce8   0x00000048   Code   RO         3068    i.is_manual_peripheral_setup_needed  system_nrf51.o
    0x0001dd30   0x00000044   Code   RO         1809    i.is_page_erase_required  pstorage.o
    0x0001dd74   0x000000c8   Code   RO            8    i.is_uuid_present   main.o
    0x0001de3c   0x0000000c   Code   RO         1810    i.is_word_aligned   pstorage.o
    0x0001de48   0x00000018   Code   RO          426    i.leds_timer_handler  bsp.o
    0x0001de60   0x000000bc   Code   RO         2344    i.list_deletions_handler  app_timer.o
    0x0001df1c   0x000000d4   Code   RO         2345    i.list_insertions_handler  app_timer.o
    0x0001dff0   0x00000124   Code   RO            9    i.main              main.o
    0x0001e114   0x00000018   Code   RO         1811    i.main_state_err_busy_process  pstorage.o
    0x0001e12c   0x0000001c   Code   RO         1370    i.nrf_delay_ms      nrf_delay.o
    0x0001e148   0x00000024   Code   RO         1602    i.nrf_drv_clock_on_soc_event  nrf_drv_clock.o
    0x0001e16c   0x00000060   Code   RO         1396    i.nrf_drv_common_irq_enable  nrf_drv_common.o
    0x0001e1cc   0x000000a0   Code   RO         2042    i.nrf_drv_gpiote_in_event_enable  nrf_drv_gpiote.o
    0x0001e26c   0x000000a4   Code   RO         2043    i.nrf_drv_gpiote_in_init  nrf_drv_gpiote.o
    0x0001e310   0x00000014   Code   RO         2044    i.nrf_drv_gpiote_in_is_set  nrf_drv_gpiote.o
    0x0001e324   0x00000054   Code   RO         2046    i.nrf_drv_gpiote_init  nrf_drv_gpiote.o
    0x0001e378   0x00000010   Code   RO         2047    i.nrf_drv_gpiote_is_init  nrf_drv_gpiote.o
    0x0001e388   0x000000c8   Code   RO         1431    i.nrf_drv_uart_init  nrf_drv_uart.o
    0x0001e450   0x0000004c   Code   RO         1432    i.nrf_drv_uart_rx   nrf_drv_uart.o
    0x0001e49c   0x00000018   Code   RO         1435    i.nrf_drv_uart_rx_enable  nrf_drv_uart.o
    0x0001e4b4   0x0000009c   Code   RO         1436    i.nrf_drv_uart_rx_for_uart  nrf_drv_uart.o
    0x0001e550   0x00000020   Code   RO         1437    i.nrf_drv_uart_tx   nrf_drv_uart.o
    0x0001e570   0x00000074   Code   RO         1439    i.nrf_drv_uart_tx_for_uart  nrf_drv_uart.o
    0x0001e5e4   0x00000024   Code   RO         1441    i.nrf_gpio_cfg      nrf_drv_uart.o
    0x0001e608   0x00000024   Code   RO         2059    i.nrf_gpio_cfg      nrf_drv_gpiote.o
    0x0001e62c   0x00000012   Code   RO         1443    i.nrf_gpio_cfg_input  nrf_drv_uart.o
    0x0001e63e   0x00000014   Code   RO         1444    i.nrf_gpio_cfg_output  nrf_drv_uart.o
    0x0001e652   0x00000002   PAD
    0x0001e654   0x00000020   Code   RO         2061    i.nrf_gpio_cfg_sense_set  nrf_drv_gpiote.o
    0x0001e674   0x00000014   Code   RO         2062    i.nrf_gpiote_event_is_set  nrf_drv_gpiote.o
    0x0001e688   0x0000000a   Code   RO         1445    i.nrf_uart_event_check  nrf_drv_uart.o
    0x0001e692   0x00000010   Code   RO         1446    i.nrf_uart_int_enable_check  nrf_drv_uart.o
    0x0001e6a2   0x000000bc   Code   RO          756    i.on_characteristic_discovery_rsp  ble_db_discovery.o
    0x0001e75e   0x00000002   PAD
    0x0001e760   0x0000009c   Code   RO          757    i.on_descriptor_discovery_rsp  ble_db_discovery.o
    0x0001e7fc   0x0000005c   Code   RO          758    i.on_srv_disc_completion  ble_db_discovery.o
    0x0001e858   0x0000002c   Code   RO          759    i.pending_user_evts_send  ble_db_discovery.o
    0x0001e884   0x00000018   Code   RO         2063    i.pin_in_use_by_port  nrf_drv_gpiote.o
    0x0001e89c   0x00000018   Code   RO         2064    i.pin_in_use_by_te  nrf_drv_gpiote.o
    0x0001e8b4   0x0000000e   Code   RO           10    i.power_manage      main.o
    0x0001e8c2   0x00000002   PAD
    0x0001e8c4   0x0000009c   Code   RO           11    i.print_beacon_adv  main.o
    0x0001e960   0x00000090   Code   RO           12    i.printf_beacon_data_ram  main.o
    0x0001e9f0   0x00000054   Code   RO         1813    i.pstorage_block_identifier_get  pstorage.o
    0x0001ea44   0x000000a4   Code   RO         1814    i.pstorage_clear    pstorage.o
    0x0001eae8   0x00000024   Code   RO         1815    i.pstorage_flash_page_end  pstorage.o
    0x0001eb0c   0x0000000a   Code   RO         1816    i.pstorage_flash_page_size  pstorage.o
    0x0001eb16   0x00000002   PAD
    0x0001eb18   0x000001bc   Code   RO           13    i.pstorage_handler  main.o
    0x0001ecd4   0x0000004c   Code   RO         1817    i.pstorage_init     pstorage.o
    0x0001ed20   0x00000028   Code   RO           14    i.pstorage_initialization  main.o
    0x0001ed48   0x000000a8   Code   RO         1818    i.pstorage_load     pstorage.o
    0x0001edf0   0x000000b4   Code   RO           15    i.pstorage_load_block  main.o
    0x0001eea4   0x000000bc   Code   RO         1819    i.pstorage_register  pstorage.o
    0x0001ef60   0x00000090   Code   RO         1820    i.pstorage_store    pstorage.o
    0x0001eff0   0x00000044   Code   RO           16    i.pstorage_store_block  main.o
    0x0001f034   0x00000050   Code   RO         1821    i.pstorage_sys_event_handler  pstorage.o
    0x0001f084   0x00000090   Code   RO         1822    i.pstorage_update   pstorage.o
    0x0001f114   0x0000004c   Code   RO           17    i.pstorage_update_block  main.o
    0x0001f160   0x0000003c   Code   RO          760    i.registered_handler_get  ble_db_discovery.o
    0x0001f19c   0x00000044   Code   RO         2346    i.rtc1_stop         app_timer.o
    0x0001f1e0   0x00000038   Code   RO         1447    i.rx_byte           nrf_drv_uart.o
    0x0001f218   0x0000001c   Code   RO         1448    i.rx_done_event     nrf_drv_uart.o
    0x0001f234   0x0000001c   Code   RO         1449    i.rx_enable         nrf_drv_uart.o
    0x0001f250   0x00000010   Code   RO         2965    i.sd_check_ram_start  softdevice_handler.o
    0x0001f260   0x00000048   Code   RO         1823    i.sm_state_change   pstorage.o
    0x0001f2a8   0x00000014   Code   RO         2966    i.softdevice_ble_evt_handler_set  softdevice_handler.o
    0x0001f2bc   0x00000014   Code   RO         2967    i.softdevice_enable  softdevice_handler.o
    0x0001f2d0   0x00000028   Code   RO         2968    i.softdevice_enable_get_default_config  softdevice_handler.o
    0x0001f2f8   0x00000008   Code   RO         2969    i.softdevice_fault_handler  softdevice_handler.o
    0x0001f300   0x00000030   Code   RO         2970    i.softdevice_handler_init  softdevice_handler.o
    0x0001f330   0x00000014   Code   RO         2973    i.softdevice_sys_evt_handler_set  softdevice_handler.o
    0x0001f344   0x00000064   Code   RO         1824    i.state_data_erase_swap_entry_run  pstorage.o
    0x0001f3a8   0x00000010   Code   RO         1825    i.state_erase_data_page_entry_run  pstorage.o
    0x0001f3b8   0x00000028   Code   RO         1826    i.state_restore_head_entry_run  pstorage.o
    0x0001f3e0   0x0000004c   Code   RO         1827    i.state_restore_tail_entry_run  pstorage.o
    0x0001f42c   0x00000020   Code   RO         1828    i.state_swap_erase_entry_run  pstorage.o
    0x0001f44c   0x00000030   Code   RO         1829    i.state_write_data_swap_entry_run  pstorage.o
    0x0001f47c   0x0000006c   Code   RO           18    i.store_beacon_data_ram  main.o
    0x0001f4e8   0x0000005c   Code   RO         1830    i.store_cmd_flash_write_execute  pstorage.o
    0x0001f544   0x0000001c   Code   RO         1831    i.swap_erase_state_run  pstorage.o
    0x0001f560   0x00000018   Code   RO         1832    i.swap_sub_state_err_busy_process  pstorage.o
    0x0001f578   0x00000014   Code   RO         1833    i.swap_sub_state_state_change  pstorage.o
    0x0001f58c   0x00000010   Code   RO           19    i.sys_evt_dispatch  main.o
    0x0001f59c   0x0000001c   Code   RO         1834    i.tail_restore_state_run  pstorage.o
    0x0001f5b8   0x00000084   Code   RO         2347    i.timer_list_handler  app_timer.o
    0x0001f63c   0x00000010   Code   RO         2348    i.timer_list_handler_sched  app_timer.o
    0x0001f64c   0x00000040   Code   RO         2349    i.timer_list_insert  app_timer.o
    0x0001f68c   0x00000080   Code   RO         2350    i.timer_timeouts_check  app_timer.o
    0x0001f70c   0x0000002c   Code   RO         1450    i.tx_byte           nrf_drv_uart.o
    0x0001f738   0x00000020   Code   RO         1451    i.tx_done_event     nrf_drv_uart.o
    0x0001f758   0x00000058   Code   RO           20    i.uart_event_handle  main.o
    0x0001f7b0   0x000000b0   Code   RO         1312    i.uart_event_handler  app_uart_fifo.o
    0x0001f860   0x00000128   Code   RO         1452    i.uart_irq_handler  nrf_drv_uart.o
    0x0001f988   0x00000054   Code   RO         2351    i.user_id_get       app_timer.o
    0x0001f9dc   0x00000026   Code   RO         2352    i.user_op_alloc     app_timer.o
    0x0001fa02   0x00000002   PAD
    0x0001fa04   0x00000020   Data   RO           22    .constdata          main.o
    0x0001fa24   0x0000003c   Data   RO          431    .constdata          bsp.o
    0x0001fa60   0x00000028   Data   RO          860    .constdata          ble_nus_c.o
    0x0001fa88   0x00000020   Data   RO         1314    .constdata          app_uart_fifo.o
    0x0001faa8   0x00000020   Data   RO         1454    .constdata          nrf_drv_uart.o
    0x0001fac8   0x00000028   Data   RO         1836    .constdata          pstorage.o
    0x0001faf0   0x00000008   Data   RO         2652    .constdata          app_button.o
    0x0001faf8   0x00000010   Data   RO         2932    .constdata          segger_rtt_printf.o
    0x0001fb08   0x00000020   Data   RO         3424    Region$$Table       anon$$obj.o


    Execution Region RW_IRAM1 (Base: 0x20001d80, Size: 0x00001848, Max: 0x00006280, ABSOLUTE)

    Base Addr    Size         Type   Attr      Idx    E Section Name        Object

    0x20001d80   0x0000003e   Data   RW           23    .data               main.o
    0x20001dbe   0x00000002   PAD
    0x20001dc0   0x00000018   Data   RW          432    .data               bsp.o
    0x20001dd8   0x00000008   Data   RW          553    .data               bsp_btn_ble.o
    0x20001de0   0x0000000c   Data   RW          762    .data               ble_db_discovery.o
    0x20001dec   0x00000008   Data   RW         1315    .data               app_uart_fifo.o
    0x20001df4   0x00000008   Data   RW         1712    .data               nrf_drv_rtc.o
    0x20001dfc   0x00000024   Data   RW         1837    .data               pstorage.o
    0x20001e20   0x00000020   Data   RW         2353    .data               app_timer.o
    0x20001e40   0x00000004   Data   RW         2585    .data               retarget.o
    0x20001e44   0x00000014   Data   RW         2653    .data               app_button.o
    0x20001e58   0x00000014   Data   RW         2974    .data               softdevice_handler.o
    0x20001e6c   0x00000004   Data   RW         3069    .data               system_nrf51.o
    0x20001e70   0x0000083e   Zero   RW           21    .bss                main.o
    0x200026ae   0x00000002   PAD
    0x200026b0   0x00000020   Zero   RW          427    .bss                bsp.o
    0x200026d0   0x00000020   Zero   RW          428    .bss                bsp.o
    0x200026f0   0x0000000c   Zero   RW          429    .bss                bsp.o
    0x200026fc   0x00000020   Zero   RW          430    .bss                bsp.o
    0x2000271c   0x00000098   Zero   RW          761    .bss                ble_db_discovery.o
    0x200027b4   0x00000020   Zero   RW         1313    .bss                app_uart_fifo.o
    0x200027d4   0x0000001c   Zero   RW         1453    .bss                nrf_drv_uart.o
    0x200027f0   0x0000000c   Zero   RW         1604    .bss                nrf_drv_clock.o
    0x200027fc   0x000000d8   Zero   RW         1835    .bss                pstorage.o
    0x200028d4   0x00000048   Zero   RW         2065    .bss                nrf_drv_gpiote.o
    0x2000291c   0x00000020   Zero   RW         2651    .bss                app_button.o
    0x2000293c   0x00000488   Zero   RW         2811    .bss                segger_rtt.o
    0x20002dc4   0x00000004   PAD
    0x20002dc8   0x00000800   Zero   RW         3057    STACK               arm_startup_nrf51.o


==============================================================================

Image component sizes


      Code (inc. data)   RO Data    RW Data    ZI Data      Debug   Object Name

       328         34          8         20         32       9002   app_button.o
        52         16          0          0          0       9219   app_error.o
       122          0          0          0          0       4190   app_fifo.o
      1712        158          0         32          0      29791   app_timer.o
       428         44         32          8         32      10386   app_uart_fifo.o
        56         18        192          0       2048        716   arm_startup_nrf51.o
      1166         58          0         12        152      15006   ble_db_discovery.o
       176         16         40          0          0      10459   ble_nus_c.o
      1054        108         60         24        108      21916   bsp.o
       264         10          0          8          0       4584   bsp_btn_ble.o
      2394        844         32         62       2110      87122   main.o
        58          4          0          0          0       1795   nrf_delay.o
        36          6          0          0         12       8845   nrf_drv_clock.o
        96         18          0          0          0       8628   nrf_drv_common.o
       960        128          0          0         72      22112   nrf_drv_gpiote.o
       160          8          0          8          0       7234   nrf_drv_rtc.o
      1196        136         32          0         28      25700   nrf_drv_uart.o
         0          0          0          0          0        564   nrf_log.o
         0          0          0          0          0      32768   our_service.o
      2794        252         40         36        216      38009   pstorage.o
        14          0          0          4          0       2838   retarget.o
       438         44          0          0       1160       9773   segger_rtt.o
       906          6         16          0          0       6997   segger_rtt_printf.o
       320         38          0         20          0      12308   softdevice_handler.o
       156         26          0          4          0       2223   system_nrf51.o

    ----------------------------------------------------------------------
     14910       1972        484        240       5976     382185   Object Totals
         0          0         32          0          0          0   (incl. Generated)
        24          0          0          2          6          0   (incl. Padding)

    ----------------------------------------------------------------------

      Code (inc. data)   RO Data    RW Data    ZI Data      Debug   Library Member Name

         0          0          0          0          0          0   entry.o
         0          0          0          0          0          0   entry10a.o
         0          0          0          0          0          0   entry11a.o
         8          4          0          0          0          0   entry2.o
         4          0          0          0          0          0   entry5.o
         0          0          0          0          0          0   entry7b.o
         0          0          0          0          0          0   entry8b.o
         8          4          0          0          0          0   entry9a.o
        30          0          0          0          0          0   handlers.o
        40          0          0          0          0         72   idiv.o
        36          8          0          0          0         68   init.o
         0          0          0          0          0          0   iusefp.o
        32          0          0          0          0         68   llshl.o
        38          0          0          0          0         68   llsshr.o
        34          0          0          0          0         68   llushr.o
        36          0          0          0          0         60   memcpya.o
        36          0          0          0          0        100   memseta.o
      2224         98          0          0          0        412   printfa.o
        18          0          0          0          0         60   strcpy.o
        14          0          0          0          0         60   strlen.o
        44          0          0          0          0         72   uidiv.o
        96          0          0          0          0         84   uldiv.o
        40          2          0          0          0         68   cdrcmple.o
       356          4          0          0          0        140   dadd.o
       240          6          0          0          0         84   ddiv.o
       236          0          0          0          0        216   depilogue.o
        64         10          0          0          0         68   dfixul.o
       208          6          0          0          0         88   dmul.o

    ----------------------------------------------------------------------
      3846        142          0          0          0       1856   Library Totals
         4          0          0          0          0          0   (incl. Padding)

    ----------------------------------------------------------------------

      Code (inc. data)   RO Data    RW Data    ZI Data      Debug   Library Name

      2698        114          0          0          0       1192   mc_p.l
      1144         28          0          0          0        664   mf_p.l

    ----------------------------------------------------------------------
      3846        142          0          0          0       1856   Library Totals

    ----------------------------------------------------------------------

==============================================================================


      Code (inc. data)   RO Data    RW Data    ZI Data      Debug   

     18756       2114        484        240       5976     375457   Grand Totals
     18756       2114        484        240       5976     375457   ELF Image Totals
     18756       2114        484        240          0          0   ROM Totals

==============================================================================

    Total RO  Size (Code + RO Data)                19240 (  18.79kB)
    Total RW  Size (RW Data + ZI Data)              6216 (   6.07kB)
    Total ROM Size (Code + RO Data + RW Data)      19480 (  19.02kB)

==============================================================================

