<html>
<body>
<pre>
<h1>µVision Build Log</h1>
<h2>Tool Versions:</h2>
IDE-Version: µVision V5.17.0.0
Copyright (C) 2015 ARM Ltd and ARM Germany GmbH. All rights reserved.
License Information: Jacob Jang, Panvista, LIC=----
 
Tool Versions:
Toolchain:       MDK-Lite  Version: 5.17
Toolchain Path:  C:\Keil_v5\ARM\ARMCC\Bin
C Compiler:      Armcc.exe V5.06 update 1 (build 61)
Assembler:       Armasm.exe V5.06 update 1 (build 61)
Linker/Locator:  ArmLink.exe V5.06 update 1 (build 61)
Library Manager: ArmAr.exe V5.06 update 1 (build 61)
Hex Converter:   FromElf.exe V5.06 update 1 (build 61)
CPU DLL:         
Dialog DLL:      
Target DLL:      Segger\JL2CM3.dll V2.99.16.0
Dialog DLL:      TARMCM1.DLL V1.9.0.0
 
<h2>Project:</h2>
C:\Users\Neil L\Documents\GitHub\nRF5_SDK_11.0.0-2.alpha_bc3f6a0\projects\Panvista\Panvista_Badge\pca10028\s130\arm5_no_packs\ble_app_uart_c_s130_pca10028.uvprojx
Project File Date:  02/08/2016

<h2>Output:</h2>
*** Using Compiler 'V5.06 update 1 (build 61)', folder: 'C:\Keil_v5\ARM\ARMCC\Bin'
Rebuild target 'nrf51422_xxac_s130'
compiling main.c...
..\..\..\main.c(142): warning:  #177-D: variable "flags" was declared but never referenced
      uint8_t             flags       = BLE_GAP_ADV_FLAGS_LE_ONLY_GENERAL_DISC_MODE;                                    // Defines how your device is seen (or not seen) by other devices
..\..\..\main.c(518): warning:  #177-D: variable "err_code" was declared but never referenced
      uint32_t err_code;
..\..\..\main.c(607): warning:  #223-D: function "nrf_delay_ms" declared implicitly
                                                nrf_delay_ms(1000);
..\..\..\main.c(138): warning:  #177-D: function "advertising_init" was declared but never referenced
  static void advertising_init(void)
..\..\..\main.c(170): warning:  #177-D: function "advertise_connectable_start" was declared but never referenced
  static void advertise_connectable_start(void){
..\..\..\main.c(250): warning:  #177-D: function "sleep_mode_enter" was declared but never referenced
  static void sleep_mode_enter(void)
..\..\..\main.c: 6 warnings, 0 errors
compiling our_service.c...
..\..\..\our_service.c(50): warning:  #177-D: variable "err_code" was declared but never referenced
      uint32_t   err_code; // Variable to hold return codes from library and softdevice functions
..\..\..\our_service.c: 1 warning, 0 errors
compiling bsp.c...
compiling bsp_btn_ble.c...
compiling ble_advdata.c...
compiling ble_conn_params.c...
compiling ble_db_discovery.c...
compiling ble_nus_c.c...
compiling ble_srv_common.c...
compiling ble_advertising.c...
compiling device_manager_central.c...
compiling app_uart_fifo.c...
compiling nrf_delay.c...
compiling nrf_drv_common.c...
compiling nrf_drv_uart.c...
compiling nrf_drv_clock.c...
compiling nrf_drv_rtc.c...
compiling pstorage.c...
compiling nrf_drv_gpiote.c...
compiling app_error.c...
compiling app_fifo.c...
compiling app_timer.c...
compiling app_trace.c...
compiling nrf_assert.c...
compiling nrf_log.c...
compiling retarget.c...
compiling app_util_platform.c...
compiling app_button.c...
compiling RTT_Syscalls_KEIL.c...
compiling SEGGER_RTT.c...
compiling SEGGER_RTT_printf.c...
compiling softdevice_handler.c...
assembling arm_startup_nrf51.s...
compiling system_nrf51.c...
linking...
Program Size: Code=18428 RO-data=484 RW-data=228 ZI-data=5100  
FromELF: creating hex file...
".\_build\nrf51422_xxac_s130.axf" - 0 Error(s), 7 Warning(s).

<h2>Software Packages used:</h2>

Package Vendor: ARM
                http://www.keil.com/pack/ARM.CMSIS.4.5.0.pack
                ARM::CMSIS:CORE:4.3.0
                CMSIS (Cortex Microcontroller Software Interface Standard)
   * Component: CORE Version: 4.3.0

Package Vendor: NordicSemiconductor
                http://developer.nordicsemi.com/nRF51_SDK/pieces/nRF_DeviceFamilyPack/NordicSemiconductor.nRF_DeviceFamilyPack.8.3.1.pack
                NordicSemiconductor::Device:Startup:8.3.1
                Nordic Semiconductor nRF ARM devices Device Family Pack.
   * Component: Startup Version: 8.3.1

<h2>Collection of Component include folders:</h2>
  C:\Users\Neil L\Documents\GitHub\nRF5_SDK_11.0.0-2.alpha_bc3f6a0\projects\Panvista\Panvista_Badge\pca10028\s130\arm5_no_packs\RTE
  C:\Keil_v5\ARM\PACK\ARM\CMSIS\4.5.0\CMSIS\Include
  C:\Keil_v5\ARM\PACK\NordicSemiconductor\nRF_DeviceFamilyPack\8.3.1\Device\Include

<h2>Collection of Component Files used:</h2>

   * Component: ARM::CMSIS:CORE:4.3.0

   * Component: NordicSemiconductor::Device:Startup:8.3.1
      Source file:   Device\Source\arm\arm_startup_nrf51.s
      Source file:   Device\Source\system_nrf51.c
      Include file:  Device\Include\system_nrf51.h
Build Time Elapsed:  00:00:27
</pre>
</body>
</html>
